Archive member included to satisfy reference by file (symbol)

c:/progra~2/gnuarm~1/102021~1.10/bin/../lib/gcc/arm-none-eabi/10.3.1/thumb/v6-m/nofp\libgcc.a(_dvmd_tls.o)
                              CMakeFiles/accel_data.dir/C_/Pico/pico-sdk/src/rp2_common/pico_divider/divider.S.obj (__aeabi_idiv0)
c:/progra~2/gnuarm~1/102021~1.10/bin/../lib/gcc/arm-none-eabi/10.3.1/../../../../arm-none-eabi/lib/thumb/v6-m/nofp\libg.a(lib_a-calloc.o)
                              CMakeFiles/accel_data.dir/C_/Pico/pico-sdk/src/rp2_common/pico_malloc/pico_malloc.c.obj (calloc)
c:/progra~2/gnuarm~1/102021~1.10/bin/../lib/gcc/arm-none-eabi/10.3.1/../../../../arm-none-eabi/lib/thumb/v6-m/nofp\libg.a(lib_a-callocr.o)
                              c:/progra~2/gnuarm~1/102021~1.10/bin/../lib/gcc/arm-none-eabi/10.3.1/../../../../arm-none-eabi/lib/thumb/v6-m/nofp\libg.a(lib_a-calloc.o) (_calloc_r)
c:/progra~2/gnuarm~1/102021~1.10/bin/../lib/gcc/arm-none-eabi/10.3.1/../../../../arm-none-eabi/lib/thumb/v6-m/nofp\libg.a(lib_a-ctype_.o)
                              CMakeFiles/accel_data.dir/C_/Pico/pico-sdk/lib/tinyusb/src/tusb.c.obj (_ctype_)
c:/progra~2/gnuarm~1/102021~1.10/bin/../lib/gcc/arm-none-eabi/10.3.1/../../../../arm-none-eabi/lib/thumb/v6-m/nofp\libg.a(lib_a-errno.o)
                              c:/progra~2/gnuarm~1/102021~1.10/bin/../lib/gcc/arm-none-eabi/10.3.1/../../../../arm-none-eabi/lib/thumb/v6-m/nofp\libg.a(lib_a-callocr.o) (__errno)
c:/progra~2/gnuarm~1/102021~1.10/bin/../lib/gcc/arm-none-eabi/10.3.1/../../../../arm-none-eabi/lib/thumb/v6-m/nofp\libg.a(lib_a-impure.o)
                              c:/progra~2/gnuarm~1/102021~1.10/bin/../lib/gcc/arm-none-eabi/10.3.1/../../../../arm-none-eabi/lib/thumb/v6-m/nofp\libg.a(lib_a-calloc.o) (_impure_ptr)
c:/progra~2/gnuarm~1/102021~1.10/bin/../lib/gcc/arm-none-eabi/10.3.1/../../../../arm-none-eabi/lib/thumb/v6-m/nofp\libg.a(lib_a-init.o)
                              c:/progra~2/gnuarm~1/102021~1.10/bin/../lib/gcc/arm-none-eabi/10.3.1/../../../../arm-none-eabi/lib/thumb/v6-m/nofp/crt0.o (__libc_init_array)
c:/progra~2/gnuarm~1/102021~1.10/bin/../lib/gcc/arm-none-eabi/10.3.1/../../../../arm-none-eabi/lib/thumb/v6-m/nofp\libg.a(lib_a-malloc.o)
                              CMakeFiles/accel_data.dir/C_/Pico/pico-sdk/src/rp2_common/pico_malloc/pico_malloc.c.obj (malloc)
c:/progra~2/gnuarm~1/102021~1.10/bin/../lib/gcc/arm-none-eabi/10.3.1/../../../../arm-none-eabi/lib/thumb/v6-m/nofp\libg.a(lib_a-mallocr.o)
                              c:/progra~2/gnuarm~1/102021~1.10/bin/../lib/gcc/arm-none-eabi/10.3.1/../../../../arm-none-eabi/lib/thumb/v6-m/nofp\libg.a(lib_a-callocr.o) (_malloc_r)
c:/progra~2/gnuarm~1/102021~1.10/bin/../lib/gcc/arm-none-eabi/10.3.1/../../../../arm-none-eabi/lib/thumb/v6-m/nofp\libg.a(lib_a-mlock.o)
                              c:/progra~2/gnuarm~1/102021~1.10/bin/../lib/gcc/arm-none-eabi/10.3.1/../../../../arm-none-eabi/lib/thumb/v6-m/nofp\libg.a(lib_a-mallocr.o) (__malloc_lock)
c:/progra~2/gnuarm~1/102021~1.10/bin/../lib/gcc/arm-none-eabi/10.3.1/../../../../arm-none-eabi/lib/thumb/v6-m/nofp\libg.a(lib_a-realloc.o)
                              CMakeFiles/accel_data.dir/C_/Pico/pico-sdk/src/rp2_common/pico_malloc/pico_malloc.c.obj (realloc)
c:/progra~2/gnuarm~1/102021~1.10/bin/../lib/gcc/arm-none-eabi/10.3.1/../../../../arm-none-eabi/lib/thumb/v6-m/nofp\libg.a(lib_a-reallocr.o)
                              c:/progra~2/gnuarm~1/102021~1.10/bin/../lib/gcc/arm-none-eabi/10.3.1/../../../../arm-none-eabi/lib/thumb/v6-m/nofp\libg.a(lib_a-realloc.o) (_realloc_r)
c:/progra~2/gnuarm~1/102021~1.10/bin/../lib/gcc/arm-none-eabi/10.3.1/../../../../arm-none-eabi/lib/thumb/v6-m/nofp\libg.a(lib_a-sbrkr.o)
                              c:/progra~2/gnuarm~1/102021~1.10/bin/../lib/gcc/arm-none-eabi/10.3.1/../../../../arm-none-eabi/lib/thumb/v6-m/nofp\libg.a(lib_a-mallocr.o) (_sbrk_r)
c:/progra~2/gnuarm~1/102021~1.10/bin/../lib/gcc/arm-none-eabi/10.3.1/../../../../arm-none-eabi/lib/thumb/v6-m/nofp\libg.a(lib_a-strlen-stub.o)
                              CMakeFiles/accel_data.dir/C_/Pico/pico-sdk/src/rp2_common/pico_stdio/stdio.c.obj (strlen)
c:/progra~2/gnuarm~1/102021~1.10/bin/../lib/gcc/arm-none-eabi/10.3.1/../../../../arm-none-eabi/lib/thumb/v6-m/nofp\libg.a(lib_a-freer.o)
                              c:/progra~2/gnuarm~1/102021~1.10/bin/../lib/gcc/arm-none-eabi/10.3.1/../../../../arm-none-eabi/lib/thumb/v6-m/nofp\libg.a(lib_a-malloc.o) (_free_r)
c:/progra~2/gnuarm~1/102021~1.10/bin/../lib/gcc/arm-none-eabi/10.3.1/../../../../arm-none-eabi/lib/thumb/v6-m/nofp\libg.a(lib_a-lock.o)
                              c:/progra~2/gnuarm~1/102021~1.10/bin/../lib/gcc/arm-none-eabi/10.3.1/../../../../arm-none-eabi/lib/thumb/v6-m/nofp\libg.a(lib_a-mlock.o) (__retarget_lock_acquire_recursive)
c:/progra~2/gnuarm~1/102021~1.10/bin/../lib/gcc/arm-none-eabi/10.3.1/../../../../arm-none-eabi/lib/thumb/v6-m/nofp\libg.a(lib_a-memmove.o)
[...]
Memory Configuration

Name             Origin             Length             Attributes
FLASH            0x10000000         0x00200000         xr
RAM              0x20000000         0x00040000         xrw
SCRATCH_X        0x20040000         0x00001000         xrw
SCRATCH_Y        0x20041000         0x00001000         xrw
*default*        0x00000000         0xffffffff

Linker script and memory map

LOAD c:/progra~2/gnuarm~1/102021~1.10/bin/../lib/gcc/arm-none-eabi/10.3.1/thumb/v6-m/nofp/crti.o
LOAD c:/progra~2/gnuarm~1/102021~1.10/bin/../lib/gcc/arm-none-eabi/10.3.1/thumb/v6-m/nofp/crtbegin.o
LOAD c:/progra~2/gnuarm~1/102021~1.10/bin/../lib/gcc/arm-none-eabi/10.3.1/../../../../arm-none-eabi/lib/thumb/v6-m/nofp/crt0.o

.flash_begin    0x10000000        0x0
                0x10000000                __flash_binary_start = .

.boot2          0x10000000      0x100
                0x10000000                __boot2_start__ = .
 *(.boot2)
 .boot2         0x10000000      0x100 C:\Users\USUARIO\AppData\Local\Temp\ccSJmONi.o
                0x10000100                __boot2_end__ = .
                0x00000001                ASSERT (((__boot2_end__ - __boot2_start__) == 0x100), ERROR: Pico second stage bootloader must be 256 bytes in size)

.text           0x10000100     0x78f8
                0x10000100                __logical_binary_start = .
 *(.vectors)
 .vectors       0x10000100       0xd4 CMakeFiles/accel_data.dir/C_/Pico/pico-sdk/src/rp2_common/pico_standard_link/crt0.S.obj
                0x10000100                __VECTOR_TABLE
                0x10000100                __vectors
                0x100001c0                isr_invalid
                0x100001c0                __default_isrs_start
                0x100001c2                isr_nmi
                0x100001c4                isr_hardfault
                0x100001c6                isr_svcall
                0x100001c8                isr_pendsv
                0x100001ca                isr_systick
                0x100001cc                isr_irq23
                0x100001cc                isr_irq18
                0x100001cc                isr_irq11
                0x100001cc                isr_irq28
                0x100001cc                isr_irq19
                0x100001cc                isr_irq0
                0x100001cc                isr_irq6
                0x100001cc                isr_irq5
                0x100001cc                isr_irq12
                0x100001cc                isr_irq22
                0x100001cc                isr_irq31
                0x100001cc                isr_irq17
                0x100001cc                isr_irq27
                0x100001cc                isr_irq30
                0x100001cc                isr_irq2
                0x100001cc                isr_irq10
                0x100001cc                isr_irq8
                0x100001cc                isr_irq24
                0x100001cc                isr_irq1
                0x100001cc                isr_irq7
                0x100001cc                isr_irq21
                0x100001cc                isr_irq20
                0x100001cc                isr_irq15
                0x100001cc                isr_irq25
                0x100001cc                isr_irq13
                0x100001cc                __unhandled_user_irq
                0x100001cc                isr_irq4
                0x100001cc                isr_irq16
                0x100001cc                isr_irq29
                0x100001cc                isr_irq26
                0x100001cc                __default_isrs_end
                0x100001cc                isr_irq3
                0x100001cc                isr_irq14
                0x100001cc                isr_irq9
                0x100001d2                unhandled_user_irq_num_in_r0
 *(.binary_info_header)
 .binary_info_header
                0x100001d4       0x14 CMakeFiles/accel_data.dir/C_/Pico/pico-sdk/src/rp2_common/pico_standard_link/crt0.S.obj
                0x100001e8                __binary_info_header_end = .
 *(.reset)
 .reset         0x100001e8       0xa8 CMakeFiles/accel_data.dir/C_/Pico/pico-sdk/src/rp2_common/pico_standard_link/crt0.S.obj
                0x100001e8                _entry_point
                0x10000266                __get_current_exception
 .reset         0x10000290       0x30 CMakeFiles/accel_data.dir/C_/Pico/pico-sdk/src/rp2_common/pico_standard_link/binary_info.c.obj
 *(.init)
 .init          0x100002c0        0x4 c:/progra~2/gnuarm~1/102021~1.10/bin/../lib/gcc/arm-none-eabi/10.3.1/thumb/v6-m/nofp/crti.o
                0x100002c0                _init
 *(EXCLUDE_FILE(*libm.a: *libc.a:*lib_a-mem*.o *libgcc.a:) .text*)
 .text          0x100002c4       0x48 c:/progra~2/gnuarm~1/102021~1.10/bin/../lib/gcc/arm-none-eabi/10.3.1/thumb/v6-m/nofp/crtbegin.o
 .text._Z10accel_initv
                0x1000030c       0x78 CMakeFiles/accel_data.dir/accel_data.cpp.obj
                0x1000030c                accel_init()
 .text.main     0x10000384      0x1ec CMakeFiles/accel_data.dir/accel_data.cpp.obj
                0x10000384                main
 .text.gpio_set_function
                0x10000570       0x30 CMakeFiles/accel_data.dir/C_/Pico/pico-sdk/src/rp2_common/hardware_gpio/gpio.c.obj
                0x10000570                gpio_set_function
 .text.gpio_set_pulls
                0x100005a0       0x34 CMakeFiles/accel_data.dir/C_/Pico/pico-sdk/src/rp2_common/hardware_gpio/gpio.c.obj
                0x100005a0                gpio_set_pulls
 .text.hw_claim_lock
                0x100005d4       0x18 CMakeFiles/accel_data.dir/C_/Pico/pico-sdk/src/rp2_common/hardware_claim/claim.c.obj
                0x100005d4                hw_claim_lock
 .text.hw_claim_unlock
                0x100005ec       0x14 CMakeFiles/accel_data.dir/C_/Pico/pico-sdk/src/rp2_common/hardware_claim/claim.c.obj
                0x100005ec                hw_claim_unlock
 .text.hw_claim_or_assert
                0x10000600       0x32 CMakeFiles/accel_data.dir/C_/Pico/pico-sdk/src/rp2_common/hardware_claim/claim.c.obj
                0x10000600                hw_claim_or_assert
 .text.hw_claim_unused_from_range
                0x10000632       0x50 CMakeFiles/accel_data.dir/C_/Pico/pico-sdk/src/rp2_common/hardware_claim/claim.c.obj
                0x10000632                hw_claim_unused_from_range
 *fill*         0x10000682        0x2 
 .text.running_on_fpga
                0x10000684       0x14 CMakeFiles/accel_data.dir/C_/Pico/pico-sdk/src/rp2_common/pico_platform/platform.c.obj
                0x10000684                running_on_fpga
 .text.spin_locks_reset
                0x10000698       0x20 CMakeFiles/accel_data.dir/C_/Pico/pico-sdk/src/rp2_common/hardware_sync/sync.c.obj
                0x10000698                spin_locks_reset
 .text.next_striped_spin_lock_num
                0x100006b8       0x1c CMakeFiles/accel_data.dir/C_/Pico/pico-sdk/src/rp2_common/hardware_sync/sync.c.obj
                0x100006b8                next_striped_spin_lock_num
 .text.spin_lock_claim_unused
                0x100006d4       0x20 CMakeFiles/accel_data.dir/C_/Pico/pico-sdk/src/rp2_common/hardware_sync/sync.c.obj
                0x100006d4                spin_lock_claim_unused
 .text.set_raw_irq_handler_and_unlock
                0x100006f4       0x28 CMakeFiles/accel_data.dir/C_/Pico/pico-sdk/src/rp2_common/hardware_irq/irq.c.obj
 .text.make_branch
                0x1000071c       0x48 CMakeFiles/accel_data.dir/C_/Pico/pico-sdk/src/rp2_common/hardware_irq/irq.c.obj
 .text.insert_branch_and_link
                0x10000764       0x40 CMakeFiles/accel_data.dir/C_/Pico/pico-sdk/src/rp2_common/hardware_irq/irq.c.obj
 .text.irq_is_enabled
                0x100007a4       0x18 CMakeFiles/accel_data.dir/C_/Pico/pico-sdk/src/rp2_common/hardware_irq/irq.c.obj
                0x100007a4                irq_is_enabled
 .text.irq_set_mask_enabled
                0x100007bc       0x20 CMakeFiles/accel_data.dir/C_/Pico/pico-sdk/src/rp2_common/hardware_irq/irq.c.obj
                0x100007bc                irq_set_mask_enabled
 .text.irq_set_enabled
                0x100007dc        0xe CMakeFiles/accel_data.dir/C_/Pico/pico-sdk/src/rp2_common/hardware_irq/irq.c.obj
                0x100007dc                irq_set_enabled
 *fill*         0x100007ea        0x2 
 .text.irq_set_pending
                0x100007ec       0x10 CMakeFiles/accel_data.dir/C_/Pico/pico-sdk/src/rp2_common/hardware_irq/irq.c.obj
                0x100007ec                irq_set_pending
 .text.irq_get_vtable_handler
                0x100007fc       0x10 CMakeFiles/accel_data.dir/C_/Pico/pico-sdk/src/rp2_common/hardware_irq/irq.c.obj
                0x100007fc                irq_get_vtable_handler
 .text.irq_has_shared_handler
                0x1000080c       0x24 CMakeFiles/accel_data.dir/C_/Pico/pico-sdk/src/rp2_common/hardware_irq/irq.c.obj
                0x1000080c                irq_has_shared_handler
 .text.irq_set_exclusive_handler
                0x10000830       0x54 CMakeFiles/accel_data.dir/C_/Pico/pico-sdk/src/rp2_common/hardware_irq/irq.c.obj
                0x10000830                irq_set_exclusive_handler
 .text.irq_add_shared_handler
                0x10000884      0x230 CMakeFiles/accel_data.dir/C_/Pico/pico-sdk/src/rp2_common/hardware_irq/irq.c.obj
                0x10000884                irq_add_shared_handler
 .text.irq_remove_handler
                0x10000ab4      0x1a8 CMakeFiles/accel_data.dir/C_/Pico/pico-sdk/src/rp2_common/hardware_irq/irq.c.obj
                0x10000ab4                irq_remove_handler
 .text.irq_add_tail_to_free_list
                0x10000c5c       0xf0 CMakeFiles/accel_data.dir/C_/Pico/pico-sdk/src/rp2_common/hardware_irq/irq.c.obj
                0x10000c5c                irq_add_tail_to_free_list
 .text.irq_init_priorities
                0x10000d4c       0x1c CMakeFiles/accel_data.dir/C_/Pico/pico-sdk/src/rp2_common/hardware_irq/irq.c.obj
                0x10000d4c                irq_init_priorities
 .text.user_irq_claim_unused
                0x10000d68       0x30 CMakeFiles/accel_data.dir/C_/Pico/pico-sdk/src/rp2_common/hardware_irq/irq.c.obj
                0x10000d68                user_irq_claim_unused
 .text.lock_init
                0x10000d98       0x10 CMakeFiles/accel_data.dir/C_/Pico/pico-sdk/src/common/pico_sync/lock_core.c.obj
                0x10000d98                lock_init
 .text.alarm_pool_post_alloc_init
                0x10000da8       0x40 CMakeFiles/accel_data.dir/C_/Pico/pico-sdk/src/common/pico_time/time.c.obj
 .text.sleep_until_callback
                0x10000de8       0x30 CMakeFiles/accel_data.dir/C_/Pico/pico-sdk/src/common/pico_time/time.c.obj
 .text.timer_pool_entry_comparator
                0x10000e18       0x7c CMakeFiles/accel_data.dir/C_/Pico/pico-sdk/src/common/pico_time/time.c.obj
                0x10000e18                timer_pool_entry_comparator
 .text.ph_add_child_node
                0x10000e94       0xa4 CMakeFiles/accel_data.dir/C_/Pico/pico-sdk/src/common/pico_time/time.c.obj
 .text.ph_merge_nodes
                0x10000f38       0x3e CMakeFiles/accel_data.dir/C_/Pico/pico-sdk/src/common/pico_time/time.c.obj
 *fill*         0x10000f76        0x2 
 .text.add_alarm_under_lock
                0x10000f78      0x174 CMakeFiles/accel_data.dir/C_/Pico/pico-sdk/src/common/pico_time/time.c.obj
 .text.alarm_pool_alarm_callback
                0x100010ec      0x328 CMakeFiles/accel_data.dir/C_/Pico/pico-sdk/src/common/pico_time/time.c.obj
 .text.alarm_pool_init_default
                0x10001414       0x38 CMakeFiles/accel_data.dir/C_/Pico/pico-sdk/src/common/pico_time/time.c.obj
                0x10001414                alarm_pool_init_default
 .text.alarm_pool_get_default
                0x1000144c       0x2c CMakeFiles/accel_data.dir/C_/Pico/pico-sdk/src/common/pico_time/time.c.obj
                0x1000144c                alarm_pool_get_default
 .text.alarm_pool_add_alarm_at
                0x10001478      0x170 CMakeFiles/accel_data.dir/C_/Pico/pico-sdk/src/common/pico_time/time.c.obj
                0x10001478                alarm_pool_add_alarm_at
 .text.alarm_pool_cancel_alarm
                0x100015e8       0xf0 CMakeFiles/accel_data.dir/C_/Pico/pico-sdk/src/common/pico_time/time.c.obj
                0x100015e8                alarm_pool_cancel_alarm
 .text.sleep_until
                0x100016d8       0xfc CMakeFiles/accel_data.dir/C_/Pico/pico-sdk/src/common/pico_time/time.c.obj
                0x100016d8                sleep_until
 .text.sleep_us
                0x100017d4       0x58 CMakeFiles/accel_data.dir/C_/Pico/pico-sdk/src/common/pico_time/time.c.obj
                0x100017d4                sleep_us
 .text.sleep_ms
                0x1000182c       0x14 CMakeFiles/accel_data.dir/C_/Pico/pico-sdk/src/common/pico_time/time.c.obj
                0x1000182c                sleep_ms
 .text.best_effort_wfe_or_timeout
                0x10001840       0x80 CMakeFiles/accel_data.dir/C_/Pico/pico-sdk/src/common/pico_time/time.c.obj
                0x10001840                best_effort_wfe_or_timeout
 .text.hardware_alarm_irq_handler
                0x100018c0       0x8c CMakeFiles/accel_data.dir/C_/Pico/pico-sdk/src/rp2_common/hardware_timer/timer.c.obj
 .text.hardware_alarm_claim
                0x1000194c       0x18 CMakeFiles/accel_data.dir/C_/Pico/pico-sdk/src/rp2_common/hardware_timer/timer.c.obj
                0x1000194c                hardware_alarm_claim
 .text.time_us_64
                0x10001964       0x18 CMakeFiles/accel_data.dir/C_/Pico/pico-sdk/src/rp2_common/hardware_timer/timer.c.obj
                0x10001964                time_us_64
 .text.busy_wait_until
                0x1000197c       0x28 CMakeFiles/accel_data.dir/C_/Pico/pico-sdk/src/rp2_common/hardware_timer/timer.c.obj
                0x1000197c                busy_wait_until
 .text.hardware_alarm_set_callback
                0x100019a4       0x90 CMakeFiles/accel_data.dir/C_/Pico/pico-sdk/src/rp2_common/hardware_timer/timer.c.obj
                0x100019a4                hardware_alarm_set_callback
 .text.hardware_alarm_set_target
                0x10001a34       0xe8 CMakeFiles/accel_data.dir/C_/Pico/pico-sdk/src/rp2_common/hardware_timer/timer.c.obj
                0x10001a34                hardware_alarm_set_target
 .text.hardware_alarm_cancel
                0x10001b1c       0x40 CMakeFiles/accel_data.dir/C_/Pico/pico-sdk/src/rp2_common/hardware_timer/timer.c.obj
                0x10001b1c                hardware_alarm_cancel
 .text.ph_add_child_node
                0x10001b5c       0xa4 CMakeFiles/accel_data.dir/C_/Pico/pico-sdk/src/common/pico_util/pheap.c.obj
 .text.ph_merge_nodes
                0x10001c00       0x3e CMakeFiles/accel_data.dir/C_/Pico/pico-sdk/src/common/pico_util/pheap.c.obj
 *fill*         0x10001c3e        0x2 
 .text.ph_clear
                0x10001c40       0x70 CMakeFiles/accel_data.dir/C_/Pico/pico-sdk/src/common/pico_util/pheap.c.obj
                0x10001c40                ph_clear
 .text.ph_post_alloc_init
                0x10001cb0        0xe CMakeFiles/accel_data.dir/C_/Pico/pico-sdk/src/common/pico_util/pheap.c.obj
                0x10001cb0                ph_post_alloc_init
 *fill*         0x10001cbe        0x2 
 .text.ph_merge_two_pass
                0x10001cc0       0xa8 CMakeFiles/accel_data.dir/C_/Pico/pico-sdk/src/common/pico_util/pheap.c.obj
                0x10001cc0                ph_merge_two_pass
 .text.ph_remove_any_head
                0x10001d68      0x108 CMakeFiles/accel_data.dir/C_/Pico/pico-sdk/src/common/pico_util/pheap.c.obj
 .text.ph_remove_head
                0x10001e70       0x14 CMakeFiles/accel_data.dir/C_/Pico/pico-sdk/src/common/pico_util/pheap.c.obj
                0x10001e70                ph_remove_head
 .text.ph_remove_and_free_node
                0x10001e84       0xf8 CMakeFiles/accel_data.dir/C_/Pico/pico-sdk/src/common/pico_util/pheap.c.obj
                0x10001e84                ph_remove_and_free_node
 .text.mutex_init
                0x10001f7c       0x1a CMakeFiles/accel_data.dir/C_/Pico/pico-sdk/src/common/pico_sync/mutex.c.obj
                0x10001f7c                mutex_init
 .text.recursive_mutex_init
                0x10001f96       0x1e CMakeFiles/accel_data.dir/C_/Pico/pico-sdk/src/common/pico_sync/mutex.c.obj
                0x10001f96                recursive_mutex_init
 .text.critical_section_init_with_lock_num
                0x10001fb4       0x14 CMakeFiles/accel_data.dir/C_/Pico/pico-sdk/src/common/pico_sync/critical_section.c.obj
                0x10001fb4                critical_section_init_with_lock_num
 .text.critical_section_init
                0x10001fc8       0x14 CMakeFiles/accel_data.dir/C_/Pico/pico-sdk/src/common/pico_sync/critical_section.c.obj
                0x10001fc8                critical_section_init
 .text._exit    0x10001fdc        0x4 CMakeFiles/accel_data.dir/C_/Pico/pico-sdk/src/rp2_common/pico_runtime/runtime.c.obj
                0x10001fdc                _exit
 .text.exit     0x10001fe0        0x6 CMakeFiles/accel_data.dir/C_/Pico/pico-sdk/src/rp2_common/pico_runtime/runtime.c.obj
                0x10001fe0                exit
 *fill*         0x10001fe6        0x2 
 .text.__assert_func
                0x10001fe8       0x3c CMakeFiles/accel_data.dir/C_/Pico/pico-sdk/src/rp2_common/pico_runtime/runtime.c.obj
                0x10001fe8                __assert_func
 .text.runtime_init
                0x10002024       0xf8 CMakeFiles/accel_data.dir/C_/Pico/pico-sdk/src/rp2_common/pico_runtime/runtime.c.obj
                0x10002024                runtime_init
 .text.panic    0x1000211c       0x30 CMakeFiles/accel_data.dir/C_/Pico/pico-sdk/src/rp2_common/pico_runtime/runtime.c.obj
                0x1000211c                panic
 .text.clock_configure
                0x1000214c      0x104 CMakeFiles/accel_data.dir/C_/Pico/pico-sdk/src/rp2_common/hardware_clocks/clocks.c.obj
                0x1000214c                clock_configure
 .text.clocks_init
                0x10002250      0x100 CMakeFiles/accel_data.dir/C_/Pico/pico-sdk/src/rp2_common/hardware_clocks/clocks.c.obj
                0x10002250                clocks_init
 .text.clock_get_hz
                0x10002350        0xc CMakeFiles/accel_data.dir/C_/Pico/pico-sdk/src/rp2_common/hardware_clocks/clocks.c.obj
                0x10002350                clock_get_hz
 .text.pll_init
                0x1000235c      0x140 CMakeFiles/accel_data.dir/C_/Pico/pico-sdk/src/rp2_common/hardware_pll/pll.c.obj
                0x1000235c                pll_init
 .text.watchdog_start_tick
                0x1000249c       0x10 CMakeFiles/accel_data.dir/C_/Pico/pico-sdk/src/rp2_common/hardware_watchdog/watchdog.c.obj
                0x1000249c                watchdog_start_tick
 .text.watchdog_update
                0x100024ac       0x14 CMakeFiles/accel_data.dir/C_/Pico/pico-sdk/src/rp2_common/hardware_watchdog/watchdog.c.obj
                0x100024ac                watchdog_update
 .text._watchdog_enable
                0x100024c0       0x78 CMakeFiles/accel_data.dir/C_/Pico/pico-sdk/src/rp2_common/hardware_watchdog/watchdog.c.obj
                0x100024c0                _watchdog_enable
 .text.watchdog_reboot
                0x10002538       0x48 CMakeFiles/accel_data.dir/C_/Pico/pico-sdk/src/rp2_common/hardware_watchdog/watchdog.c.obj
                0x10002538                watchdog_reboot
 .text.xosc_init
                0x10002580       0x28 CMakeFiles/accel_data.dir/C_/Pico/pico-sdk/src/rp2_common/hardware_xosc/xosc.c.obj
                0x10002580                xosc_init
 .text._out_null
                0x100025a8        0x2 CMakeFiles/accel_data.dir/C_/Pico/pico-sdk/src/rp2_common/pico_printf/printf.c.obj
 .text._out_fct
                0x100025aa        0xe CMakeFiles/accel_data.dir/C_/Pico/pico-sdk/src/rp2_common/pico_printf/printf.c.obj
 .text._atoi    0x100025b8       0x24 CMakeFiles/accel_data.dir/C_/Pico/pico-sdk/src/rp2_common/pico_printf/printf.c.obj
 .text._out_rev
                0x100025dc       0xae CMakeFiles/accel_data.dir/C_/Pico/pico-sdk/src/rp2_common/pico_printf/printf.c.obj
 .text._ntoa_format
                0x1000268a      0x112 CMakeFiles/accel_data.dir/C_/Pico/pico-sdk/src/rp2_common/pico_printf/printf.c.obj
 .text._ntoa_long
                0x1000279c       0xbc CMakeFiles/accel_data.dir/C_/Pico/pico-sdk/src/rp2_common/pico_printf/printf.c.obj
 .text._ntoa_long_long
                0x10002858       0xe2 CMakeFiles/accel_data.dir/C_/Pico/pico-sdk/src/rp2_common/pico_printf/printf.c.obj
 *fill*         0x1000293a        0x2 
 .text._etoa    0x1000293c      0x414 CMakeFiles/accel_data.dir/C_/Pico/pico-sdk/src/rp2_common/pico_printf/printf.c.obj
 .text._ftoa    0x10002d50      0x354 CMakeFiles/accel_data.dir/C_/Pico/pico-sdk/src/rp2_common/pico_printf/printf.c.obj
 .text._vsnprintf
                0x100030a4      0x624 CMakeFiles/accel_data.dir/C_/Pico/pico-sdk/src/rp2_common/pico_printf/printf.c.obj
 .text.vfctprintf
                0x100036c8       0x20 CMakeFiles/accel_data.dir/C_/Pico/pico-sdk/src/rp2_common/pico_printf/printf.c.obj
                0x100036c8                vfctprintf
 .text          0x100036e8       0x10 CMakeFiles/accel_data.dir/C_/Pico/pico-sdk/src/rp2_common/pico_bit_ops/bit_ops_aeabi.S.obj
 .text.rom_func_lookup
                0x100036f8       0x10 CMakeFiles/accel_data.dir/C_/Pico/pico-sdk/src/rp2_common/pico_bootrom/bootrom.c.obj
                0x100036f8                rom_func_lookup
 .text.rom_data_lookup
                0x10003708       0x10 CMakeFiles/accel_data.dir/C_/Pico/pico-sdk/src/rp2_common/pico_bootrom/bootrom.c.obj
                0x10003708                rom_data_lookup
 .text.rom_funcs_lookup
                0x10003718       0x36 CMakeFiles/accel_data.dir/C_/Pico/pico-sdk/src/rp2_common/pico_bootrom/bootrom.c.obj
                0x10003718                rom_funcs_lookup
 *fill*         0x1000374e        0x2 
 .text.__wrap___aeabi_idiv
                0x10003750       0x50 CMakeFiles/accel_data.dir/C_/Pico/pico-sdk/src/rp2_common/pico_divider/divider.S.obj
                0x10003750                __wrap___aeabi_idivmod
                0x10003750                divmod_s32s32
                0x10003750                div_s32s32
                0x10003750                __wrap___aeabi_idiv
                0x10003758                divmod_s32s32_unsafe
                0x10003784                divmod_s32s32_savestate
 .text.__wrap___aeabi_uidiv
                0x100037a0       0x4c CMakeFiles/accel_data.dir/C_/Pico/pico-sdk/src/rp2_common/pico_divider/divider.S.obj
                0x100037a0                __wrap___aeabi_uidiv
                0x100037a0                __wrap___aeabi_uidivmod
                0x100037a0                div_u32u32
                0x100037a0                divmod_u32u32
                0x100037a8                divmod_u32u32_unsafe
                0x100037d0                divmod_u32u32_savestate
 .text.__wrap___aeabi_ldiv
                0x100037ec      0x434 CMakeFiles/accel_data.dir/C_/Pico/pico-sdk/src/rp2_common/pico_divider/divider.S.obj
                0x100037ec                div_s64s64
                0x100037ec                divmod_s64s64
                0x100037ec                __wrap___aeabi_ldivmod
                0x10003824                divmod_u64u64
                0x10003824                div_u64u64
                0x10003824                __wrap___aeabi_uldivmod
                0x10003834                divmod_u64u64_savestate
                0x1000385c                divmod_s64s64_unsafe
                0x100038e4                divmod_u64u64_unsafe
 .text.__wrap___aeabi_darithmetic
                0x10003c20       0x80 CMakeFiles/accel_data.dir/C_/Pico/pico-sdk/src/rp2_common/pico_double/double_aeabi.S.obj
                0x10003c20                __wrap___aeabi_drsub
                0x10003c26                __wrap___aeabi_dsub
                0x10003c38                __wrap___aeabi_dadd
                0x10003c4a                __wrap___aeabi_ddiv
                0x10003c86                __wrap___aeabi_dmul
 .text.__wrap___aeabi_cdcmple
                0x10003ca0       0x6c CMakeFiles/accel_data.dir/C_/Pico/pico-sdk/src/rp2_common/pico_double/double_aeabi.S.obj
                0x10003ca0                __wrap___aeabi_cdrcmple
                0x10003cb0                __wrap___aeabi_cdcmpeq
                0x10003cb0                __wrap___aeabi_cdcmple
 .text.__wrap___aeabi_dcmplt
                0x10003d0c        0xc CMakeFiles/accel_data.dir/C_/Pico/pico-sdk/src/rp2_common/pico_double/double_aeabi.S.obj
                0x10003d0c                __wrap___aeabi_dcmplt
 .text.__wrap___aeabi_dcmple
                0x10003d18       0x10 CMakeFiles/accel_data.dir/C_/Pico/pico-sdk/src/rp2_common/pico_double/double_aeabi.S.obj
                0x10003d18                __wrap___aeabi_dcmple
 .text.__wrap___aeabi_dcmpge
                0x10003d28       0x10 CMakeFiles/accel_data.dir/C_/Pico/pico-sdk/src/rp2_common/pico_double/double_aeabi.S.obj
                0x10003d28                __wrap___aeabi_dcmpge
 .text.__wrap___aeabi_dcmpgt
                0x10003d38        0xa CMakeFiles/accel_data.dir/C_/Pico/pico-sdk/src/rp2_common/pico_double/double_aeabi.S.obj
                0x10003d38                __wrap___aeabi_dcmpgt
 .text.__wrap___aeabi_dcmpun
                0x10003d42       0x1c CMakeFiles/accel_data.dir/C_/Pico/pico-sdk/src/rp2_common/pico_double/double_aeabi.S.obj
                0x10003d42                __wrap___aeabi_dcmpun
 *fill*         0x10003d5e        0x2 
 .text.__wrap___aeabi_i2d
                0x10003d60       0x38 CMakeFiles/accel_data.dir/C_/Pico/pico-sdk/src/rp2_common/pico_double/double_aeabi.S.obj
                0x10003d60                __wrap___aeabi_ui2d
                0x10003d68                __wrap___aeabi_i2d
 .text.__wrap___aeabi_d2iz
                0x10003d98       0x48 CMakeFiles/accel_data.dir/C_/Pico/pico-sdk/src/rp2_common/pico_double/double_aeabi.S.obj
                0x10003d98                double2int_z
                0x10003d98                __wrap___aeabi_d2iz
 .text.__wrap___aeabi_d2uiz
                0x10003de0       0x18 CMakeFiles/accel_data.dir/C_/Pico/pico-sdk/src/rp2_common/pico_double/double_aeabi.S.obj
                0x10003de0                __wrap___aeabi_d2uiz
                0x10003de0                double2uint
 .text.__wrap___aeabi_d2f
                0x10003df8       0x18 CMakeFiles/accel_data.dir/C_/Pico/pico-sdk/src/rp2_common/pico_double/double_aeabi.S.obj
                0x10003df8                __wrap___aeabi_d2f
 .text.__aeabi_double_init
                0x10003e10       0xc8 CMakeFiles/accel_data.dir/C_/Pico/pico-sdk/src/rp2_common/pico_double/double_init_rom.c.obj
                0x10003e10                __aeabi_double_init
 .text.double_table_shim_on_use_helper
                0x10003ed8       0x34 CMakeFiles/accel_data.dir/C_/Pico/pico-sdk/src/rp2_common/pico_double/double_v1_rom_shim.S.obj
                0x10003ed8                double_table_shim_on_use_helper
 .text.__wrap___aeabi_dsub
                0x10003f0c       0x10 CMakeFiles/accel_data.dir/C_/Pico/pico-sdk/src/rp2_common/pico_double/double_v1_rom_shim.S.obj
                0x10003f0c                drsub_shim
                0x10003f12                dsub_shim
 .text.dadd_shim
                0x10003f1c      0x15c CMakeFiles/accel_data.dir/C_/Pico/pico-sdk/src/rp2_common/pico_double/double_v1_rom_shim.S.obj
                0x10003f1c                dadd_shim
 .text.dmul_shim
                0x10004078      0x15c CMakeFiles/accel_data.dir/C_/Pico/pico-sdk/src/rp2_common/pico_double/double_v1_rom_shim.S.obj
                0x10004078                dmul_shim
 .text.ddiv_shim
                0x100041d4      0x1b0 CMakeFiles/accel_data.dir/C_/Pico/pico-sdk/src/rp2_common/pico_double/double_v1_rom_shim.S.obj
                0x100041d4                ddiv_shim
 .text.double2uint_shim
                0x10004384        0xe CMakeFiles/accel_data.dir/C_/Pico/pico-sdk/src/rp2_common/pico_double/double_v1_rom_shim.S.obj
                0x10004384                double2uint_shim
                0x10004386                double2ufix_shim
 *fill*         0x10004392        0x2 
 .text.double2uint64_shim
                0x10004394       0x70 CMakeFiles/accel_data.dir/C_/Pico/pico-sdk/src/rp2_common/pico_double/double_v1_rom_shim.S.obj
                0x10004394                double2uint64_shim
                0x10004396                double2ufix64_shim
                0x100043b6                d2fix_a
 .text.double2float_shim
                0x10004404       0x5c CMakeFiles/accel_data.dir/C_/Pico/pico-sdk/src/rp2_common/pico_double/double_v1_rom_shim.S.obj
                0x10004404                double2float_shim
 .text.dunpacks
                0x10004460       0x3c CMakeFiles/accel_data.dir/C_/Pico/pico-sdk/src/rp2_common/pico_double/double_v1_rom_shim.S.obj
                0x10004460                dunpacks
 .text.__aeabi_lmul
                0x1000449c       0x32 CMakeFiles/accel_data.dir/C_/Pico/pico-sdk/src/rp2_common/pico_int64_ops/pico_int64_ops_aeabi.S.obj
                0x1000449c                __wrap___aeabi_lmul
 *fill*         0x100044ce        0x2 
 .text.__wrap___aeabi_farithmetic
                0x100044d0       0x58 CMakeFiles/accel_data.dir/C_/Pico/pico-sdk/src/rp2_common/pico_float/float_aeabi.S.obj
                0x100044d0                __wrap___aeabi_frsub
                0x100044d6                __wrap___aeabi_fsub
                0x100044e0                __wrap___aeabi_fadd
                0x100044ea                __wrap___aeabi_fdiv
                0x10004516                __wrap___aeabi_fmul
 .text.__wrap___aeabi_f2d
                0x10004528       0x14 CMakeFiles/accel_data.dir/C_/Pico/pico-sdk/src/rp2_common/pico_float/float_aeabi.S.obj
                0x10004528                __wrap___aeabi_f2d
 .text.__aeabi_float_init
                0x1000453c       0xfc CMakeFiles/accel_data.dir/C_/Pico/pico-sdk/src/rp2_common/pico_float/float_init_rom.c.obj
                0x1000453c                __aeabi_float_init
 .text.float_table_shim_on_use_helper
                0x10004638       0x34 CMakeFiles/accel_data.dir/C_/Pico/pico-sdk/src/rp2_common/pico_float/float_v1_rom_shim.S.obj
                0x10004638                float_table_shim_on_use_helper
 .text.float2double_shim
                0x1000466c       0x30 CMakeFiles/accel_data.dir/C_/Pico/pico-sdk/src/rp2_common/pico_float/float_v1_rom_shim.S.obj
                0x1000466c                float2double_shim
 .text          0x1000469c       0x10 CMakeFiles/accel_data.dir/C_/Pico/pico-sdk/src/rp2_common/pico_mem_ops/mem_ops_aeabi.S.obj
                0x1000469c                __aeabi_mem_init
 .text.memset   0x100046ac        0xc CMakeFiles/accel_data.dir/C_/Pico/pico-sdk/src/rp2_common/pico_mem_ops/mem_ops_aeabi.S.obj
                0x100046ac                __wrap_memset
 .text.memcpy   0x100046b8        0xc CMakeFiles/accel_data.dir/C_/Pico/pico-sdk/src/rp2_common/pico_mem_ops/mem_ops_aeabi.S.obj
                0x100046b8                __wrap_memcpy
                0x100046b8                __wrap___aeabi_memcpy
 .text.stdio_out_chars_no_crlf
                0x100046c4        0xe CMakeFiles/accel_data.dir/C_/Pico/pico-sdk/src/rp2_common/pico_stdio/stdio.c.obj
 *fill*         0x100046d2        0x2 
 .text.stdio_out_chars_crlf
                0x100046d4       0x80 CMakeFiles/accel_data.dir/C_/Pico/pico-sdk/src/rp2_common/pico_stdio/stdio.c.obj
 .text.stdio_stack_buffer_flush
                0x10004754       0x44 CMakeFiles/accel_data.dir/C_/Pico/pico-sdk/src/rp2_common/pico_stdio/stdio.c.obj
 .text.stdio_buffered_printer
                0x10004798       0x20 CMakeFiles/accel_data.dir/C_/Pico/pico-sdk/src/rp2_common/pico_stdio/stdio.c.obj
 .text.stdout_serialize_begin
                0x100047b8       0x30 CMakeFiles/accel_data.dir/C_/Pico/pico-sdk/src/rp2_common/pico_stdio/stdio.c.obj
                0x100047b8                stdout_serialize_begin
 .text.stdout_serialize_end
                0x100047e8       0x10 CMakeFiles/accel_data.dir/C_/Pico/pico-sdk/src/rp2_common/pico_stdio/stdio.c.obj
                0x100047e8                stdout_serialize_end
 .text.stdio_put_string
                0x100047f8       0x98 CMakeFiles/accel_data.dir/C_/Pico/pico-sdk/src/rp2_common/pico_stdio/stdio.c.obj
 .text.stdio_set_driver_enabled
                0x10004890       0x2c CMakeFiles/accel_data.dir/C_/Pico/pico-sdk/src/rp2_common/pico_stdio/stdio.c.obj
                0x10004890                stdio_set_driver_enabled
 .text.stdio_flush
                0x100048bc       0x20 CMakeFiles/accel_data.dir/C_/Pico/pico-sdk/src/rp2_common/pico_stdio/stdio.c.obj
                0x100048bc                stdio_flush
 .text.__wrap_puts
                0x100048dc       0x1e CMakeFiles/accel_data.dir/C_/Pico/pico-sdk/src/rp2_common/pico_stdio/stdio.c.obj
                0x100048dc                __wrap_puts
 *fill*         0x100048fa        0x2 
 .text.__wrap_vprintf
                0x100048fc       0x44 CMakeFiles/accel_data.dir/C_/Pico/pico-sdk/src/rp2_common/pico_stdio/stdio.c.obj
                0x100048fc                __wrap_vprintf
 .text.__wrap_printf
                0x10004940       0x18 CMakeFiles/accel_data.dir/C_/Pico/pico-sdk/src/rp2_common/pico_stdio/stdio.c.obj
                0x10004940                __wrap_printf
 .text.stdio_init_all
                0x10004958        0x8 CMakeFiles/accel_data.dir/C_/Pico/pico-sdk/src/rp2_common/pico_stdio/stdio.c.obj
                0x10004958                stdio_init_all
 .text.resetd_init
                0x10004960        0x2 CMakeFiles/accel_data.dir/C_/Pico/pico-sdk/src/rp2_common/pico_stdio_usb/reset_interface.c.obj
 *fill*         0x10004962        0x2 
 .text.resetd_reset
                0x10004964        0xc CMakeFiles/accel_data.dir/C_/Pico/pico-sdk/src/rp2_common/pico_stdio_usb/reset_interface.c.obj
 .text.resetd_open
                0x10004970       0x34 CMakeFiles/accel_data.dir/C_/Pico/pico-sdk/src/rp2_common/pico_stdio_usb/reset_interface.c.obj
 .text.resetd_xfer_cb
                0x100049a4        0x4 CMakeFiles/accel_data.dir/C_/Pico/pico-sdk/src/rp2_common/pico_stdio_usb/reset_interface.c.obj
 .text.reset_usb_boot
                0x100049a8       0x18 CMakeFiles/accel_data.dir/C_/Pico/pico-sdk/src/rp2_common/pico_stdio_usb/reset_interface.c.obj
 .text.resetd_control_xfer_cb
                0x100049c0       0x5c CMakeFiles/accel_data.dir/C_/Pico/pico-sdk/src/rp2_common/pico_stdio_usb/reset_interface.c.obj
 .text.usbd_app_driver_get_cb
                0x10004a1c        0xc CMakeFiles/accel_data.dir/C_/Pico/pico-sdk/src/rp2_common/pico_stdio_usb/reset_interface.c.obj
                0x10004a1c                usbd_app_driver_get_cb
 .text.tud_cdc_line_coding_cb
                0x10004a28       0x28 CMakeFiles/accel_data.dir/C_/Pico/pico-sdk/src/rp2_common/pico_stdio_usb/reset_interface.c.obj
                0x10004a28                tud_cdc_line_coding_cb
 .text.stdio_usb_in_chars
                0x10004a50       0x70 CMakeFiles/accel_data.dir/C_/Pico/pico-sdk/src/rp2_common/pico_stdio_usb/stdio_usb.c.obj
                0x10004a50                stdio_usb_in_chars
 .text.low_priority_worker_irq
                0x10004ac0       0x20 CMakeFiles/accel_data.dir/C_/Pico/pico-sdk/src/rp2_common/pico_stdio_usb/stdio_usb.c.obj
 .text.stdio_usb_out_chars
                0x10004ae0       0xd4 CMakeFiles/accel_data.dir/C_/Pico/pico-sdk/src/rp2_common/pico_stdio_usb/stdio_usb.c.obj
 .text.timer_task
                0x10004bb4       0x40 CMakeFiles/accel_data.dir/C_/Pico/pico-sdk/src/rp2_common/pico_stdio_usb/stdio_usb.c.obj
 .text.usb_irq  0x10004bf4       0x10 CMakeFiles/accel_data.dir/C_/Pico/pico-sdk/src/rp2_common/pico_stdio_usb/stdio_usb.c.obj
 .text.stdio_usb_init
                0x10004c04       0xec CMakeFiles/accel_data.dir/C_/Pico/pico-sdk/src/rp2_common/pico_stdio_usb/stdio_usb.c.obj
                0x10004c04                stdio_usb_init
 .text.tud_descriptor_device_cb
                0x10004cf0        0x8 CMakeFiles/accel_data.dir/C_/Pico/pico-sdk/src/rp2_common/pico_stdio_usb/stdio_usb_descriptors.c.obj
                0x10004cf0                tud_descriptor_device_cb
 .text.tud_descriptor_configuration_cb
                0x10004cf8        0x8 CMakeFiles/accel_data.dir/C_/Pico/pico-sdk/src/rp2_common/pico_stdio_usb/stdio_usb_descriptors.c.obj
                0x10004cf8                tud_descriptor_configuration_cb
 .text.tud_descriptor_string_cb
                0x10004d00       0x6c CMakeFiles/accel_data.dir/C_/Pico/pico-sdk/src/rp2_common/pico_stdio_usb/stdio_usb_descriptors.c.obj
                0x10004d00                tud_descriptor_string_cb
 .text.hw_endpoint_get_by_addr
                0x10004d6c       0x18 CMakeFiles/accel_data.dir/C_/Pico/pico-sdk/lib/tinyusb/src/portable/raspberrypi/rp2040/dcd_rp2040.c.obj
 .text.reset_ep0_pid
                0x10004d84       0x28 CMakeFiles/accel_data.dir/C_/Pico/pico-sdk/lib/tinyusb/src/portable/raspberrypi/rp2040/dcd_rp2040.c.obj
 .text._hw_endpoint_alloc
                0x10004dac       0x70 CMakeFiles/accel_data.dir/C_/Pico/pico-sdk/lib/tinyusb/src/portable/raspberrypi/rp2040/dcd_rp2040.c.obj
 .text.hw_endpoint_init
                0x10004e1c       0x88 CMakeFiles/accel_data.dir/C_/Pico/pico-sdk/lib/tinyusb/src/portable/raspberrypi/rp2040/dcd_rp2040.c.obj
 .text.reset_non_control_endpoints
                0x10004ea4       0x40 CMakeFiles/accel_data.dir/C_/Pico/pico-sdk/lib/tinyusb/src/portable/raspberrypi/rp2040/dcd_rp2040.c.obj
 .text.hw_handle_buff_status
                0x10004ee4       0x8c CMakeFiles/accel_data.dir/C_/Pico/pico-sdk/lib/tinyusb/src/portable/raspberrypi/rp2040/dcd_rp2040.c.obj
 .text.dcd_rp2040_irq
                0x10004f70       0xc0 CMakeFiles/accel_data.dir/C_/Pico/pico-sdk/lib/tinyusb/src/portable/raspberrypi/rp2040/dcd_rp2040.c.obj
 .text.hw_endpoint_xfer
                0x10005030       0x14 CMakeFiles/accel_data.dir/C_/Pico/pico-sdk/lib/tinyusb/src/portable/raspberrypi/rp2040/dcd_rp2040.c.obj
 .text.dcd_int_enable
                0x10005044       0x2c CMakeFiles/accel_data.dir/C_/Pico/pico-sdk/lib/tinyusb/src/portable/raspberrypi/rp2040/dcd_rp2040.c.obj
                0x10005044                dcd_int_enable
 .text.dcd_set_address
                0x10005070       0x2c CMakeFiles/accel_data.dir/C_/Pico/pico-sdk/lib/tinyusb/src/portable/raspberrypi/rp2040/dcd_rp2040.c.obj
                0x10005070                dcd_set_address
 .text.dcd_connect
                0x1000509c       0x10 CMakeFiles/accel_data.dir/C_/Pico/pico-sdk/lib/tinyusb/src/portable/raspberrypi/rp2040/dcd_rp2040.c.obj
                0x1000509c                dcd_connect
 .text.dcd_init
                0x100050ac       0x7c CMakeFiles/accel_data.dir/C_/Pico/pico-sdk/lib/tinyusb/src/portable/raspberrypi/rp2040/dcd_rp2040.c.obj
                0x100050ac                dcd_init
 .text.dcd_edpt0_status_complete
                0x10005128       0x1c CMakeFiles/accel_data.dir/C_/Pico/pico-sdk/lib/tinyusb/src/portable/raspberrypi/rp2040/dcd_rp2040.c.obj
                0x10005128                dcd_edpt0_status_complete
 .text.dcd_edpt_open
                0x10005144       0x40 CMakeFiles/accel_data.dir/C_/Pico/pico-sdk/lib/tinyusb/src/portable/raspberrypi/rp2040/dcd_rp2040.c.obj
                0x10005144                dcd_edpt_open
 .text.dcd_edpt_close_all
                0x10005184        0x8 CMakeFiles/accel_data.dir/C_/Pico/pico-sdk/lib/tinyusb/src/portable/raspberrypi/rp2040/dcd_rp2040.c.obj
                0x10005184                dcd_edpt_close_all
 .text.dcd_edpt_xfer
                0x1000518c       0x30 CMakeFiles/accel_data.dir/C_/Pico/pico-sdk/lib/tinyusb/src/portable/raspberrypi/rp2040/dcd_rp2040.c.obj
                0x1000518c                dcd_edpt_xfer
 .text.dcd_edpt_stall
                0x100051bc       0x2c CMakeFiles/accel_data.dir/C_/Pico/pico-sdk/lib/tinyusb/src/portable/raspberrypi/rp2040/dcd_rp2040.c.obj
                0x100051bc                dcd_edpt_stall
 .text.dcd_edpt_clear_stall
                0x100051e8       0x20 CMakeFiles/accel_data.dir/C_/Pico/pico-sdk/lib/tinyusb/src/portable/raspberrypi/rp2040/dcd_rp2040.c.obj
                0x100051e8                dcd_edpt_clear_stall
 .text.prepare_ep_buffer
                0x10005208       0x70 CMakeFiles/accel_data.dir/C_/Pico/pico-sdk/lib/tinyusb/src/portable/raspberrypi/rp2040/rp2040_usb.c.obj
 .text.sync_ep_buffer
                0x10005278       0x7c CMakeFiles/accel_data.dir/C_/Pico/pico-sdk/lib/tinyusb/src/portable/raspberrypi/rp2040/rp2040_usb.c.obj
 .text._hw_endpoint_xfer_sync
                0x100052f4       0x28 CMakeFiles/accel_data.dir/C_/Pico/pico-sdk/lib/tinyusb/src/portable/raspberrypi/rp2040/rp2040_usb.c.obj
 .text.rp2040_usb_init
                0x1000531c       0x4c CMakeFiles/accel_data.dir/C_/Pico/pico-sdk/lib/tinyusb/src/portable/raspberrypi/rp2040/rp2040_usb.c.obj
                0x1000531c                rp2040_usb_init
 .text.hw_endpoint_reset_transfer
                0x10005368        0xc CMakeFiles/accel_data.dir/C_/Pico/pico-sdk/lib/tinyusb/src/portable/raspberrypi/rp2040/rp2040_usb.c.obj
                0x10005368                hw_endpoint_reset_transfer
 .text._hw_endpoint_buffer_control_update32
                0x10005374       0x58 CMakeFiles/accel_data.dir/C_/Pico/pico-sdk/lib/tinyusb/src/portable/raspberrypi/rp2040/rp2040_usb.c.obj
                0x10005374                _hw_endpoint_buffer_control_update32
 .text._hw_endpoint_start_next_buffer
                0x100053cc       0x74 CMakeFiles/accel_data.dir/C_/Pico/pico-sdk/lib/tinyusb/src/portable/raspberrypi/rp2040/rp2040_usb.c.obj
 .text.hw_endpoint_xfer_start
                0x10005440       0x48 CMakeFiles/accel_data.dir/C_/Pico/pico-sdk/lib/tinyusb/src/portable/raspberrypi/rp2040/rp2040_usb.c.obj
                0x10005440                hw_endpoint_xfer_start
 .text.hw_endpoint_xfer_continue
                0x10005488       0x38 CMakeFiles/accel_data.dir/C_/Pico/pico-sdk/lib/tinyusb/src/portable/raspberrypi/rp2040/rp2040_usb.c.obj
                0x10005488                hw_endpoint_xfer_continue
 .text.configuration_reset
                0x100054c0       0x84 CMakeFiles/accel_data.dir/C_/Pico/pico-sdk/lib/tinyusb/src/device/usbd.c.obj
 .text.usbd_reset
                0x10005544        0xc CMakeFiles/accel_data.dir/C_/Pico/pico-sdk/lib/tinyusb/src/device/usbd.c.obj
 .text.invoke_class_control
                0x10005550       0x1a CMakeFiles/accel_data.dir/C_/Pico/pico-sdk/lib/tinyusb/src/device/usbd.c.obj
 *fill*         0x1000556a        0x2 
 .text.process_set_config
                0x1000556c      0x1b0 CMakeFiles/accel_data.dir/C_/Pico/pico-sdk/lib/tinyusb/src/device/usbd.c.obj
 .text.process_get_descriptor
                0x1000571c       0xec CMakeFiles/accel_data.dir/C_/Pico/pico-sdk/lib/tinyusb/src/device/usbd.c.obj
 .text.tud_mounted
                0x10005808       0x10 CMakeFiles/accel_data.dir/C_/Pico/pico-sdk/lib/tinyusb/src/device/usbd.c.obj
                0x10005808                tud_mounted
 .text.tud_suspended
                0x10005818       0x10 CMakeFiles/accel_data.dir/C_/Pico/pico-sdk/lib/tinyusb/src/device/usbd.c.obj
                0x10005818                tud_suspended
 .text.tud_inited
                0x10005828        0xc CMakeFiles/accel_data.dir/C_/Pico/pico-sdk/lib/tinyusb/src/device/usbd.c.obj
                0x10005828                tud_inited
 .text.tud_init
                0x10005834       0xcc CMakeFiles/accel_data.dir/C_/Pico/pico-sdk/lib/tinyusb/src/device/usbd.c.obj
                0x10005834                tud_init
 .text.dcd_event_handler
                0x10005900      0x1e0 CMakeFiles/accel_data.dir/C_/Pico/pico-sdk/lib/tinyusb/src/device/usbd.c.obj
                0x10005900                dcd_event_handler
 .text.dcd_event_bus_signal
                0x10005ae0       0x26 CMakeFiles/accel_data.dir/C_/Pico/pico-sdk/lib/tinyusb/src/device/usbd.c.obj
                0x10005ae0                dcd_event_bus_signal
 .text.dcd_event_bus_reset
                0x10005b06       0x2a CMakeFiles/accel_data.dir/C_/Pico/pico-sdk/lib/tinyusb/src/device/usbd.c.obj
                0x10005b06                dcd_event_bus_reset
 .text.dcd_event_setup_received
                0x10005b30       0x34 CMakeFiles/accel_data.dir/C_/Pico/pico-sdk/lib/tinyusb/src/device/usbd.c.obj
                0x10005b30                dcd_event_setup_received
 .text.dcd_event_xfer_complete
                0x10005b64       0x44 CMakeFiles/accel_data.dir/C_/Pico/pico-sdk/lib/tinyusb/src/device/usbd.c.obj
                0x10005b64                dcd_event_xfer_complete
 .text.usbd_edpt_open
                0x10005ba8       0x58 CMakeFiles/accel_data.dir/C_/Pico/pico-sdk/lib/tinyusb/src/device/usbd.c.obj
                0x10005ba8                usbd_edpt_open
 .text.usbd_open_edpt_pair
                0x10005c00       0x8c CMakeFiles/accel_data.dir/C_/Pico/pico-sdk/lib/tinyusb/src/device/usbd.c.obj
                0x10005c00                usbd_open_edpt_pair
 .text.usbd_edpt_claim
                0x10005c8c       0x8c CMakeFiles/accel_data.dir/C_/Pico/pico-sdk/lib/tinyusb/src/device/usbd.c.obj
                0x10005c8c                usbd_edpt_claim
 .text.usbd_edpt_release
                0x10005d18       0x68 CMakeFiles/accel_data.dir/C_/Pico/pico-sdk/lib/tinyusb/src/device/usbd.c.obj
                0x10005d18                usbd_edpt_release
 .text.usbd_edpt_xfer
                0x10005d80       0x80 CMakeFiles/accel_data.dir/C_/Pico/pico-sdk/lib/tinyusb/src/device/usbd.c.obj
                0x10005d80                usbd_edpt_xfer
 .text.usbd_edpt_stall
                0x10005e00       0x40 CMakeFiles/accel_data.dir/C_/Pico/pico-sdk/lib/tinyusb/src/device/usbd.c.obj
                0x10005e00                usbd_edpt_stall
 .text.usbd_edpt_clear_stall
                0x10005e40       0x40 CMakeFiles/accel_data.dir/C_/Pico/pico-sdk/lib/tinyusb/src/device/usbd.c.obj
                0x10005e40                usbd_edpt_clear_stall
 .text.usbd_edpt_stalled
                0x10005e80       0x1c CMakeFiles/accel_data.dir/C_/Pico/pico-sdk/lib/tinyusb/src/device/usbd.c.obj
                0x10005e80                usbd_edpt_stalled
 .text.process_control_request
                0x10005e9c      0x3b8 CMakeFiles/accel_data.dir/C_/Pico/pico-sdk/lib/tinyusb/src/device/usbd.c.obj
 .text.tud_task
                0x10006254      0x218 CMakeFiles/accel_data.dir/C_/Pico/pico-sdk/lib/tinyusb/src/device/usbd.c.obj
                0x10006254                tud_task
 .text._data_stage_xact
                0x1000646c       0x58 CMakeFiles/accel_data.dir/C_/Pico/pico-sdk/lib/tinyusb/src/device/usbd_control.c.obj
 .text.tud_control_status
                0x100064c4       0x38 CMakeFiles/accel_data.dir/C_/Pico/pico-sdk/lib/tinyusb/src/device/usbd_control.c.obj
                0x100064c4                tud_control_status
 .text.tud_control_xfer
                0x100064fc       0xa8 CMakeFiles/accel_data.dir/C_/Pico/pico-sdk/lib/tinyusb/src/device/usbd_control.c.obj
                0x100064fc                tud_control_xfer
 .text.usbd_control_reset
                0x100065a4       0x14 CMakeFiles/accel_data.dir/C_/Pico/pico-sdk/lib/tinyusb/src/device/usbd_control.c.obj
                0x100065a4                usbd_control_reset
 .text.usbd_control_set_complete_callback
                0x100065b8        0xc CMakeFiles/accel_data.dir/C_/Pico/pico-sdk/lib/tinyusb/src/device/usbd_control.c.obj
                0x100065b8                usbd_control_set_complete_callback
 .text.usbd_control_set_request
                0x100065c4       0x1c CMakeFiles/accel_data.dir/C_/Pico/pico-sdk/lib/tinyusb/src/device/usbd_control.c.obj
                0x100065c4                usbd_control_set_request
 .text.usbd_control_xfer_cb
                0x100065e0       0xfc CMakeFiles/accel_data.dir/C_/Pico/pico-sdk/lib/tinyusb/src/device/usbd_control.c.obj
                0x100065e0                usbd_control_xfer_cb
 .text._prep_out_transaction
                0x100066dc       0x46 CMakeFiles/accel_data.dir/C_/Pico/pico-sdk/lib/tinyusb/src/class/cdc/cdc_device.c.obj
 *fill*         0x10006722        0x2 
 .text.tud_cdc_n_connected
                0x10006724       0x44 CMakeFiles/accel_data.dir/C_/Pico/pico-sdk/lib/tinyusb/src/class/cdc/cdc_device.c.obj
                0x10006724                tud_cdc_n_connected
 .text.tud_cdc_n_available
                0x10006768       0x18 CMakeFiles/accel_data.dir/C_/Pico/pico-sdk/lib/tinyusb/src/class/cdc/cdc_device.c.obj
                0x10006768                tud_cdc_n_available
 .text.tud_cdc_n_read
                0x10006780       0x28 CMakeFiles/accel_data.dir/C_/Pico/pico-sdk/lib/tinyusb/src/class/cdc/cdc_device.c.obj
                0x10006780                tud_cdc_n_read
 .text.tud_cdc_n_write_flush
                0x100067a8       0xcc CMakeFiles/accel_data.dir/C_/Pico/pico-sdk/lib/tinyusb/src/class/cdc/cdc_device.c.obj
                0x100067a8                tud_cdc_n_write_flush
 .text.tud_cdc_n_write
                0x10006874       0x38 CMakeFiles/accel_data.dir/C_/Pico/pico-sdk/lib/tinyusb/src/class/cdc/cdc_device.c.obj
                0x10006874                tud_cdc_n_write
 .text.tud_cdc_n_write_available
                0x100068ac       0x1c CMakeFiles/accel_data.dir/C_/Pico/pico-sdk/lib/tinyusb/src/class/cdc/cdc_device.c.obj
                0x100068ac                tud_cdc_n_write_available
 .text.cdcd_init
                0x100068c8       0xbc CMakeFiles/accel_data.dir/C_/Pico/pico-sdk/lib/tinyusb/src/class/cdc/cdc_device.c.obj
                0x100068c8                cdcd_init
 .text.cdcd_reset
                0x10006984       0x44 CMakeFiles/accel_data.dir/C_/Pico/pico-sdk/lib/tinyusb/src/class/cdc/cdc_device.c.obj
                0x10006984                cdcd_reset
 .text.cdcd_open
                0x100069c8       0xf8 CMakeFiles/accel_data.dir/C_/Pico/pico-sdk/lib/tinyusb/src/class/cdc/cdc_device.c.obj
                0x100069c8                cdcd_open
 .text.cdcd_control_xfer_cb
                0x10006ac0      0x134 CMakeFiles/accel_data.dir/C_/Pico/pico-sdk/lib/tinyusb/src/class/cdc/cdc_device.c.obj
                0x10006ac0                cdcd_control_xfer_cb
 .text.cdcd_xfer_cb
                0x10006bf4      0x144 CMakeFiles/accel_data.dir/C_/Pico/pico-sdk/lib/tinyusb/src/class/cdc/cdc_device.c.obj
                0x10006bf4                cdcd_xfer_cb
 .text.tusb_init
                0x10006d38       0x24 CMakeFiles/accel_data.dir/C_/Pico/pico-sdk/lib/tinyusb/src/tusb.c.obj
                0x10006d38                tusb_init
 .text.tusb_inited
                0x10006d5c        0xe CMakeFiles/accel_data.dir/C_/Pico/pico-sdk/lib/tinyusb/src/tusb.c.obj
                0x10006d5c                tusb_inited
 *fill*         0x10006d6a        0x2 
 .text.tu_edpt_validate
                0x10006d6c       0xa8 CMakeFiles/accel_data.dir/C_/Pico/pico-sdk/lib/tinyusb/src/tusb.c.obj
                0x10006d6c                tu_edpt_validate
 .text.tu_edpt_bind_driver
                0x10006e14       0x2a CMakeFiles/accel_data.dir/C_/Pico/pico-sdk/lib/tinyusb/src/tusb.c.obj
                0x10006e14                tu_edpt_bind_driver
 .text.advance_pointer
                0x10006e3e       0x18 CMakeFiles/accel_data.dir/C_/Pico/pico-sdk/lib/tinyusb/src/common/tusb_fifo.c.obj
 .text.backward_pointer
                0x10006e56       0x1e CMakeFiles/accel_data.dir/C_/Pico/pico-sdk/lib/tinyusb/src/common/tusb_fifo.c.obj
 .text.get_relative_pointer
                0x10006e74       0x10 CMakeFiles/accel_data.dir/C_/Pico/pico-sdk/lib/tinyusb/src/common/tusb_fifo.c.obj
 .text._tu_fifo_peek
                0x10006e84       0x50 CMakeFiles/accel_data.dir/C_/Pico/pico-sdk/lib/tinyusb/src/common/tusb_fifo.c.obj
 .text._ff_pull_const_addr
                0x10006ed4       0x4c CMakeFiles/accel_data.dir/C_/Pico/pico-sdk/lib/tinyusb/src/common/tusb_fifo.c.obj
 .text._ff_pull_n
                0x10006f20      0x10c CMakeFiles/accel_data.dir/C_/Pico/pico-sdk/lib/tinyusb/src/common/tusb_fifo.c.obj
 .text._tu_fifo_peek_n
                0x1000702c       0x5e CMakeFiles/accel_data.dir/C_/Pico/pico-sdk/lib/tinyusb/src/common/tusb_fifo.c.obj
 .text._tu_fifo_read_n
                0x1000708a       0x4e CMakeFiles/accel_data.dir/C_/Pico/pico-sdk/lib/tinyusb/src/common/tusb_fifo.c.obj
 .text._ff_push_const_addr
                0x100070d8       0x40 CMakeFiles/accel_data.dir/C_/Pico/pico-sdk/lib/tinyusb/src/common/tusb_fifo.c.obj
 .text._ff_push_n
                0x10007118      0x108 CMakeFiles/accel_data.dir/C_/Pico/pico-sdk/lib/tinyusb/src/common/tusb_fifo.c.obj
 .text._tu_fifo_write_n
                0x10007220       0x9e CMakeFiles/accel_data.dir/C_/Pico/pico-sdk/lib/tinyusb/src/common/tusb_fifo.c.obj
 .text.tu_fifo_config
                0x100072be       0x72 CMakeFiles/accel_data.dir/C_/Pico/pico-sdk/lib/tinyusb/src/common/tusb_fifo.c.obj
                0x100072be                tu_fifo_config
 .text.tu_fifo_count
                0x10007330       0x26 CMakeFiles/accel_data.dir/C_/Pico/pico-sdk/lib/tinyusb/src/common/tusb_fifo.c.obj
                0x10007330                tu_fifo_count
 .text.tu_fifo_empty
                0x10007356       0x10 CMakeFiles/accel_data.dir/C_/Pico/pico-sdk/lib/tinyusb/src/common/tusb_fifo.c.obj
                0x10007356                tu_fifo_empty
 .text.tu_fifo_remaining
                0x10007366       0x20 CMakeFiles/accel_data.dir/C_/Pico/pico-sdk/lib/tinyusb/src/common/tusb_fifo.c.obj
                0x10007366                tu_fifo_remaining
 .text.tu_fifo_read
                0x10007386       0x42 CMakeFiles/accel_data.dir/C_/Pico/pico-sdk/lib/tinyusb/src/common/tusb_fifo.c.obj
                0x10007386                tu_fifo_read
 .text.tu_fifo_read_n
                0x100073c8        0xa CMakeFiles/accel_data.dir/C_/Pico/pico-sdk/lib/tinyusb/src/common/tusb_fifo.c.obj
                0x100073c8                tu_fifo_read_n
 .text.tu_fifo_write
                0x100073d2       0x6c CMakeFiles/accel_data.dir/C_/Pico/pico-sdk/lib/tinyusb/src/common/tusb_fifo.c.obj
                0x100073d2                tu_fifo_write
 .text.tu_fifo_write_n
                0x1000743e        0xa CMakeFiles/accel_data.dir/C_/Pico/pico-sdk/lib/tinyusb/src/common/tusb_fifo.c.obj
                0x1000743e                tu_fifo_write_n
 .text.tu_fifo_clear
                0x10007448       0x4c CMakeFiles/accel_data.dir/C_/Pico/pico-sdk/lib/tinyusb/src/common/tusb_fifo.c.obj
                0x10007448                tu_fifo_clear
 .text.tu_fifo_set_overwritable
                0x10007494       0x3c CMakeFiles/accel_data.dir/C_/Pico/pico-sdk/lib/tinyusb/src/common/tusb_fifo.c.obj
                0x10007494                tu_fifo_set_overwritable
 .text._retrieve_unique_id_on_boot
                0x100074d0       0x10 CMakeFiles/accel_data.dir/C_/Pico/pico-sdk/src/rp2_common/pico_unique_id/unique_id.c.obj
 .text.pico_get_unique_board_id_string
                0x100074e0       0x60 CMakeFiles/accel_data.dir/C_/Pico/pico-sdk/src/rp2_common/pico_unique_id/unique_id.c.obj
                0x100074e0                pico_get_unique_board_id_string
 .text.flash_get_unique_id
                0x10007540       0x46 CMakeFiles/accel_data.dir/C_/Pico/pico-sdk/src/rp2_common/hardware_flash/flash.c.obj
                0x10007540                flash_get_unique_id
 .text.i2c_write_blocking_internal
                0x10007586      0x140 CMakeFiles/accel_data.dir/C_/Pico/pico-sdk/src/rp2_common/hardware_i2c/i2c.c.obj
 .text.i2c_read_blocking_internal
                0x100076c6       0xe6 CMakeFiles/accel_data.dir/C_/Pico/pico-sdk/src/rp2_common/hardware_i2c/i2c.c.obj
 .text.i2c_set_baudrate
                0x100077ac       0xf0 CMakeFiles/accel_data.dir/C_/Pico/pico-sdk/src/rp2_common/hardware_i2c/i2c.c.obj
                0x100077ac                i2c_set_baudrate
 .text.i2c_init
                0x1000789c       0x58 CMakeFiles/accel_data.dir/C_/Pico/pico-sdk/src/rp2_common/hardware_i2c/i2c.c.obj
                0x1000789c                i2c_init
 .text.i2c_write_blocking
                0x100078f4       0x18 CMakeFiles/accel_data.dir/C_/Pico/pico-sdk/src/rp2_common/hardware_i2c/i2c.c.obj
                0x100078f4                i2c_write_blocking
 .text.i2c_read_blocking
                0x1000790c       0x18 CMakeFiles/accel_data.dir/C_/Pico/pico-sdk/src/rp2_common/hardware_i2c/i2c.c.obj
                0x1000790c                i2c_read_blocking
 .text.strlen   0x10007924       0x5c c:/progra~2/gnuarm~1/102021~1.10/bin/../lib/gcc/arm-none-eabi/10.3.1/../../../../arm-none-eabi/lib/thumb/v6-m/nofp\libg.a(lib_a-strlen-stub.o)
                0x10007924                strlen
 *(.fini)
 .fini          0x10007980        0x4 c:/progra~2/gnuarm~1/102021~1.10/bin/../lib/gcc/arm-none-eabi/10.3.1/thumb/v6-m/nofp/crti.o
                0x10007980                _fini
 *fill*         0x10007984        0x4 
 .fini.__stub   0x10007988       0x70 linker stubs
 *crtbegin.o(.ctors)
 *crtbegin?.o(.ctors)
 *(EXCLUDE_FILE(*crtend.o *crtend?.o) .ctors)
 *(SORT_BY_NAME(.ctors.*))
 *(.ctors)
 *crtbegin.o(.dtors)
 *crtbegin?.o(.dtors)
 *(EXCLUDE_FILE(*crtend.o *crtend?.o) .dtors)
 *(SORT_BY_NAME(.dtors.*))
 *(.dtors)
 *(.eh_frame*)
 .eh_frame      0x100079f8        0x0 c:/progra~2/gnuarm~1/102021~1.10/bin/../lib/gcc/arm-none-eabi/10.3.1/thumb/v6-m/nofp/crtbegin.o
                0x100079f8                . = ALIGN (0x4)

.glue_7         0x100079f8        0x0
 .glue_7        0x100079f8        0x0 linker stubs

.glue_7t        0x100079f8        0x0
 .glue_7t       0x100079f8        0x0 linker stubs

.vfp11_veneer   0x100079f8        0x0
 .vfp11_veneer  0x100079f8        0x0 linker stubs

.v4_bx          0x100079f8        0x0
 .v4_bx         0x100079f8        0x0 linker stubs

.iplt           0x100079f8        0x0
 .iplt          0x100079f8        0x0 c:/progra~2/gnuarm~1/102021~1.10/bin/../lib/gcc/arm-none-eabi/10.3.1/thumb/v6-m/nofp/crtbegin.o

.rodata         0x100079f8     0x16c8
 *(EXCLUDE_FILE(*libm.a: *libc.a:*lib_a-mem*.o *libgcc.a:) .rodata*)
 .rodata._Z10accel_initv.str1.4
                0x100079f8       0x25 CMakeFiles/accel_data.dir/accel_data.cpp.obj
 *fill*         0x10007a1d        0x3 
 .rodata.main.str1.4
                0x10007a20        0xf CMakeFiles/accel_data.dir/accel_data.cpp.obj
 *fill*         0x10007a2f        0x1 
 .rodata.spin_lock_claim_unused.str1.4
                0x10007a30       0x1b CMakeFiles/accel_data.dir/C_/Pico/pico-sdk/src/rp2_common/hardware_sync/sync.c.obj
 *fill*         0x10007a4b        0x1 
 .rodata.make_branch.str1.4
                0x10007a4c       0x63 CMakeFiles/accel_data.dir/C_/Pico/pico-sdk/src/rp2_common/hardware_irq/irq.c.obj
 *fill*         0x10007aaf        0x1 
 .rodata.insert_branch_and_link.str1.4
                0x10007ab0       0x10 CMakeFiles/accel_data.dir/C_/Pico/pico-sdk/src/rp2_common/hardware_irq/irq.c.obj
 .rodata.irq_set_exclusive_handler.str1.4
                0x10007ac0       0x36 CMakeFiles/accel_data.dir/C_/Pico/pico-sdk/src/rp2_common/hardware_irq/irq.c.obj
 *fill*         0x10007af6        0x2 
 .rodata.irq_add_shared_handler.str1.4
                0x10007af8       0xd9 CMakeFiles/accel_data.dir/C_/Pico/pico-sdk/src/rp2_common/hardware_irq/irq.c.obj
 *fill*         0x10007bd1        0x3 
 .rodata.irq_remove_handler.str1.4
                0x10007bd4       0x2a CMakeFiles/accel_data.dir/C_/Pico/pico-sdk/src/rp2_common/hardware_irq/irq.c.obj
 *fill*         0x10007bfe        0x2 
 .rodata.irq_add_tail_to_free_list.str1.4
                0x10007c00       0x3a CMakeFiles/accel_data.dir/C_/Pico/pico-sdk/src/rp2_common/hardware_irq/irq.c.obj
 *fill*         0x10007c3a        0x2 
 .rodata.user_irq_claim_unused.str1.4
                0x10007c3c       0x1b CMakeFiles/accel_data.dir/C_/Pico/pico-sdk/src/rp2_common/hardware_irq/irq.c.obj
 *fill*         0x10007c57        0x1 
 .rodata.__func__.0
                0x10007c58       0x1a CMakeFiles/accel_data.dir/C_/Pico/pico-sdk/src/rp2_common/hardware_irq/irq.c.obj
 *fill*         0x10007c72        0x2 
 .rodata.__func__.1
                0x10007c74       0x17 CMakeFiles/accel_data.dir/C_/Pico/pico-sdk/src/rp2_common/hardware_irq/irq.c.obj
 *fill*         0x10007c8b        0x1 
 .rodata.__func__.2
                0x10007c8c       0x13 CMakeFiles/accel_data.dir/C_/Pico/pico-sdk/src/rp2_common/hardware_irq/irq.c.obj
 *fill*         0x10007c9f        0x1 
 .rodata.__func__.3
                0x10007ca0        0xc CMakeFiles/accel_data.dir/C_/Pico/pico-sdk/src/rp2_common/hardware_irq/irq.c.obj
 .rodata.__func__.4
                0x10007cac        0xf CMakeFiles/accel_data.dir/C_/Pico/pico-sdk/src/rp2_common/hardware_irq/irq.c.obj
 *fill*         0x10007cbb        0x1 
 .rodata.__func__.5
                0x10007cbc       0x17 CMakeFiles/accel_data.dir/C_/Pico/pico-sdk/src/rp2_common/hardware_irq/irq.c.obj
 *fill*         0x10007cd3        0x1 
 .rodata.__func__.6
                0x10007cd4       0x1a CMakeFiles/accel_data.dir/C_/Pico/pico-sdk/src/rp2_common/hardware_irq/irq.c.obj
 *fill*         0x10007cee        0x2 
 .rodata.repeating_timer_callback.str1.4
                0x10007cf0       0x41 CMakeFiles/accel_data.dir/C_/Pico/pico-sdk/src/common/pico_time/time.c.obj
 *fill*         0x10007d31        0x3 
 .rodata.alarm_pool_dump_key.str1.4
                0x10007d34       0x33 CMakeFiles/accel_data.dir/C_/Pico/pico-sdk/src/common/pico_time/time.c.obj
 *fill*         0x10007d67        0x1 
 .rodata.ph_add_child_node.str1.4
                0x10007d68       0x8a CMakeFiles/accel_data.dir/C_/Pico/pico-sdk/src/common/pico_time/time.c.obj
 *fill*         0x10007df2        0x2 
 .rodata.add_alarm_under_lock.str1.4
                0x10007df4       0x28 CMakeFiles/accel_data.dir/C_/Pico/pico-sdk/src/common/pico_time/time.c.obj
                                 0x2b (size before relaxing)
 .rodata.alarm_pool_alarm_callback.str1.4
                0x10007e1c       0xda CMakeFiles/accel_data.dir/C_/Pico/pico-sdk/src/common/pico_time/time.c.obj
 *fill*         0x10007ef6        0x2 
 .rodata.alarm_pool_get_default.str1.4
                0x10007ef8       0x21 CMakeFiles/accel_data.dir/C_/Pico/pico-sdk/src/common/pico_time/time.c.obj
 *fill*         0x10007f19        0x3 
 .rodata.alarm_pool_cancel_alarm.str1.4
                0x10007f1c       0x27 CMakeFiles/accel_data.dir/C_/Pico/pico-sdk/src/common/pico_time/time.c.obj
 *fill*         0x10007f43        0x1 
 .rodata.sleep_until.str1.4
                0x10007f44       0x4d CMakeFiles/accel_data.dir/C_/Pico/pico-sdk/src/common/pico_time/time.c.obj
 *fill*         0x10007f91        0x3 
 .rodata.__func__.1
                0x10007f94       0x18 CMakeFiles/accel_data.dir/C_/Pico/pico-sdk/src/common/pico_time/time.c.obj
 .rodata.__func__.10
                0x10007fac       0x15 CMakeFiles/accel_data.dir/C_/Pico/pico-sdk/src/common/pico_time/time.c.obj
 *fill*         0x10007fc1        0x3 
 .rodata.__func__.11
                0x10007fc4       0x1a CMakeFiles/accel_data.dir/C_/Pico/pico-sdk/src/common/pico_time/time.c.obj
 *fill*         0x10007fde        0x2 
 .rodata.__func__.12
                0x10007fe0        0xa CMakeFiles/accel_data.dir/C_/Pico/pico-sdk/src/common/pico_time/time.c.obj
 *fill*         0x10007fea        0x2 
 .rodata.__func__.3
                0x10007fec       0x17 CMakeFiles/accel_data.dir/C_/Pico/pico-sdk/src/common/pico_time/time.c.obj
 *fill*         0x10008003        0x1 
 .rodata.__func__.4
                0x10008004       0x12 CMakeFiles/accel_data.dir/C_/Pico/pico-sdk/src/common/pico_time/time.c.obj
 *fill*         0x10008016        0x2 
 .rodata.__func__.5
                0x10008018        0xd CMakeFiles/accel_data.dir/C_/Pico/pico-sdk/src/common/pico_time/time.c.obj
 *fill*         0x10008025        0x3 
 .rodata.__func__.6
                0x10008028       0x12 CMakeFiles/accel_data.dir/C_/Pico/pico-sdk/src/common/pico_time/time.c.obj
 *fill*         0x1000803a        0x2 
 .rodata.__func__.7
                0x1000803c        0xf CMakeFiles/accel_data.dir/C_/Pico/pico-sdk/src/common/pico_time/time.c.obj
 *fill*         0x1000804b        0x1 
 .rodata.__func__.8
                0x1000804c        0xc CMakeFiles/accel_data.dir/C_/Pico/pico-sdk/src/common/pico_time/time.c.obj
 .rodata.__func__.9
                0x10008058       0x15 CMakeFiles/accel_data.dir/C_/Pico/pico-sdk/src/common/pico_time/time.c.obj
 *fill*         0x1000806d        0x3 
 .rodata.hardware_alarm_claim.str1.4
                0x10008070       0x22 CMakeFiles/accel_data.dir/C_/Pico/pico-sdk/src/rp2_common/hardware_timer/timer.c.obj
 *fill*         0x10008092        0x2 
 .rodata.hardware_alarm_set_target.str1.4
                0x10008094       0x5b CMakeFiles/accel_data.dir/C_/Pico/pico-sdk/src/rp2_common/hardware_timer/timer.c.obj
 *fill*         0x100080ef        0x1 
 .rodata.__func__.0
                0x100080f0       0x1a CMakeFiles/accel_data.dir/C_/Pico/pico-sdk/src/rp2_common/hardware_timer/timer.c.obj
 .rodata.ph_add_child_node.str1.4
                0x1000810a       0x8a CMakeFiles/accel_data.dir/C_/Pico/pico-sdk/src/common/pico_util/pheap.c.obj
 *fill*         0x1000810a        0x2 
 .rodata.ph_remove_any_head.str1.4
                0x1000810c       0x84 CMakeFiles/accel_data.dir/C_/Pico/pico-sdk/src/common/pico_util/pheap.c.obj
 .rodata.ph_remove_and_free_node.str1.4
                0x10008190       0x1e CMakeFiles/accel_data.dir/C_/Pico/pico-sdk/src/common/pico_util/pheap.c.obj
                                 0x26 (size before relaxing)
 *fill*         0x100081ae        0x2 
 .rodata.__func__.0
                0x100081b0       0x18 CMakeFiles/accel_data.dir/C_/Pico/pico-sdk/src/common/pico_util/pheap.c.obj
 .rodata.__func__.1
                0x100081c8       0x13 CMakeFiles/accel_data.dir/C_/Pico/pico-sdk/src/common/pico_util/pheap.c.obj
 *fill*         0x100081db        0x1 
 .rodata.__func__.2
                0x100081dc       0x12 CMakeFiles/accel_data.dir/C_/Pico/pico-sdk/src/common/pico_util/pheap.c.obj
 *fill*         0x100081ee        0x2 
 .rodata.__func__.3
                0x100081f0        0xc CMakeFiles/accel_data.dir/C_/Pico/pico-sdk/src/common/pico_util/pheap.c.obj
 .rodata.str1.4
                0x100081fc       0x81 CMakeFiles/accel_data.dir/C_/Pico/pico-sdk/src/common/pico_sync/mutex.c.obj
                                 0xd9 (size before relaxing)
 *fill*         0x1000827d        0x3 
 .rodata.__func__.1
                0x10008280        0xb CMakeFiles/accel_data.dir/C_/Pico/pico-sdk/src/common/pico_sync/mutex.c.obj
 *fill*         0x1000828b        0x1 
 .rodata.__func__.3
                0x1000828c       0x18 CMakeFiles/accel_data.dir/C_/Pico/pico-sdk/src/common/pico_sync/mutex.c.obj
 .rodata.__func__.4
                0x100082a4       0x15 CMakeFiles/accel_data.dir/C_/Pico/pico-sdk/src/common/pico_sync/mutex.c.obj
 *fill*         0x100082b9        0x3 
 .rodata.__assert_func.str1.4
                0x100082bc       0x3f CMakeFiles/accel_data.dir/C_/Pico/pico-sdk/src/rp2_common/pico_runtime/runtime.c.obj
                                 0x43 (size before relaxing)
 *fill*         0x100082fb        0x1 
 .rodata.runtime_init.str1.4
                0x100082fc       0x57 CMakeFiles/accel_data.dir/C_/Pico/pico-sdk/src/rp2_common/pico_runtime/runtime.c.obj
 *fill*         0x10008353        0x1 
 .rodata.panic.str1.4
                0x10008354       0x12 CMakeFiles/accel_data.dir/C_/Pico/pico-sdk/src/rp2_common/pico_runtime/runtime.c.obj
 *fill*         0x10008366        0x2 
 .rodata.__func__.1
                0x10008368        0xd CMakeFiles/accel_data.dir/C_/Pico/pico-sdk/src/rp2_common/pico_runtime/runtime.c.obj
 *fill*         0x10008375        0x3 
 .rodata.clock_configure.str1.4
                0x10008378       0x4d CMakeFiles/accel_data.dir/C_/Pico/pico-sdk/src/rp2_common/hardware_clocks/clocks.c.obj
 *fill*         0x100083c5        0x3 
 .rodata.__func__.1
                0x100083c8       0x10 CMakeFiles/accel_data.dir/C_/Pico/pico-sdk/src/rp2_common/hardware_clocks/clocks.c.obj
 .rodata.pll_init.str1.4
                0x100083d8      0x12f CMakeFiles/accel_data.dir/C_/Pico/pico-sdk/src/rp2_common/hardware_pll/pll.c.obj
 *fill*         0x10008507        0x1 
 .rodata.__func__.0
                0x10008508        0x9 CMakeFiles/accel_data.dir/C_/Pico/pico-sdk/src/rp2_common/hardware_pll/pll.c.obj
 *fill*         0x10008511        0x3 
 .rodata._ftoa.str1.4
                0x10008514       0x15 CMakeFiles/accel_data.dir/C_/Pico/pico-sdk/src/rp2_common/pico_printf/printf.c.obj
 *fill*         0x10008529        0x3 
 .rodata._vsnprintf
                0x1000852c      0x1e0 CMakeFiles/accel_data.dir/C_/Pico/pico-sdk/src/rp2_common/pico_printf/printf.c.obj
 *fill*         0x1000870c        0x4 
 .rodata.pow10.0
                0x10008710       0x50 CMakeFiles/accel_data.dir/C_/Pico/pico-sdk/src/rp2_common/pico_printf/printf.c.obj
 .rodata.__aeabi_double_init.str1.4
                0x10008760       0x9e CMakeFiles/accel_data.dir/C_/Pico/pico-sdk/src/rp2_common/pico_double/double_init_rom.c.obj
 *fill*         0x100087fe        0x2 
 .rodata.__func__.0
                0x10008800       0x14 CMakeFiles/accel_data.dir/C_/Pico/pico-sdk/src/rp2_common/pico_double/double_init_rom.c.obj
 .rodata.__aeabi_float_init.str1.4
                0x10008814       0x70 CMakeFiles/accel_data.dir/C_/Pico/pico-sdk/src/rp2_common/pico_float/float_init_rom.c.obj
                                 0x74 (size before relaxing)
 .rodata.__func__.0
                0x10008884       0x13 CMakeFiles/accel_data.dir/C_/Pico/pico-sdk/src/rp2_common/pico_float/float_init_rom.c.obj
 *fill*         0x10008897        0x1 
 .rodata.str1.4
                0x10008898       0x40 CMakeFiles/accel_data.dir/C_/Pico/pico-sdk/src/rp2_common/pico_standard_link/binary_info.c.obj
 .rodata.__bi_44
                0x100088d8        0xc CMakeFiles/accel_data.dir/C_/Pico/pico-sdk/src/rp2_common/pico_standard_link/binary_info.c.obj
 .rodata.__bi_75
                0x100088e4        0xc CMakeFiles/accel_data.dir/C_/Pico/pico-sdk/src/rp2_common/pico_standard_link/binary_info.c.obj
 .rodata.__bi_81
                0x100088f0        0xc CMakeFiles/accel_data.dir/C_/Pico/pico-sdk/src/rp2_common/pico_standard_link/binary_info.c.obj
 .rodata.crlf_str.3
                0x100088fc        0x2 CMakeFiles/accel_data.dir/C_/Pico/pico-sdk/src/rp2_common/pico_stdio/stdio.c.obj
 *fill*         0x100088fe        0x2 
 .rodata._resetd_driver
                0x10008900       0x18 CMakeFiles/accel_data.dir/C_/Pico/pico-sdk/src/rp2_common/pico_stdio_usb/reset_interface.c.obj
 .rodata.timer_task.str1.4
                0x10008918       0x63 CMakeFiles/accel_data.dir/C_/Pico/pico-sdk/src/rp2_common/pico_stdio_usb/stdio_usb.c.obj
 .rodata.stdio_usb_init.str1.4
                0x1000897b       0x57 CMakeFiles/accel_data.dir/C_/Pico/pico-sdk/src/rp2_common/pico_stdio_usb/stdio_usb.c.obj
 *fill*         0x1000897b        0x1 
 .rodata.str1.4
                0x1000897c       0x13 CMakeFiles/accel_data.dir/C_/Pico/pico-sdk/src/rp2_common/pico_stdio_usb/stdio_usb.c.obj
 *fill*         0x1000898f        0x1 
 .rodata.__bi_118.2
                0x10008990        0xc CMakeFiles/accel_data.dir/C_/Pico/pico-sdk/src/rp2_common/pico_stdio_usb/stdio_usb.c.obj
 .rodata.__func__.0
                0x1000899c       0x15 CMakeFiles/accel_data.dir/C_/Pico/pico-sdk/src/rp2_common/pico_stdio_usb/stdio_usb.c.obj
 *fill*         0x100089b1        0x3 
 .rodata.__func__.1
                0x100089b4        0xb CMakeFiles/accel_data.dir/C_/Pico/pico-sdk/src/rp2_common/pico_stdio_usb/stdio_usb.c.obj
 *fill*         0x100089bf        0x1 
 .rodata.str1.4
                0x100089c0       0x2a CMakeFiles/accel_data.dir/C_/Pico/pico-sdk/src/rp2_common/pico_stdio_usb/stdio_usb_descriptors.c.obj
 *fill*         0x100089ea        0x2 
 .rodata.usbd_desc_cfg
                0x100089ec       0x54 CMakeFiles/accel_data.dir/C_/Pico/pico-sdk/src/rp2_common/pico_stdio_usb/stdio_usb_descriptors.c.obj
 .rodata.usbd_desc_device
                0x10008a40       0x12 CMakeFiles/accel_data.dir/C_/Pico/pico-sdk/src/rp2_common/pico_stdio_usb/stdio_usb_descriptors.c.obj
 *fill*         0x10008a52        0x2 
 .rodata.usbd_desc_str
                0x10008a54       0x18 CMakeFiles/accel_data.dir/C_/Pico/pico-sdk/src/rp2_common/pico_stdio_usb/stdio_usb_descriptors.c.obj
 .rodata._hw_endpoint_alloc.str1.4
                0x10008a6c       0xad CMakeFiles/accel_data.dir/C_/Pico/pico-sdk/lib/tinyusb/src/portable/raspberrypi/rp2040/dcd_rp2040.c.obj
 *fill*         0x10008b19        0x3 
 .rodata.dcd_rp2040_irq.str1.4
                0x10008b1c       0x14 CMakeFiles/accel_data.dir/C_/Pico/pico-sdk/lib/tinyusb/src/portable/raspberrypi/rp2040/dcd_rp2040.c.obj
 .rodata.dcd_int_enable.str1.4
                0x10008b30        0xc CMakeFiles/accel_data.dir/C_/Pico/pico-sdk/lib/tinyusb/src/portable/raspberrypi/rp2040/dcd_rp2040.c.obj
 .rodata.__func__.0
                0x10008b3c        0xe CMakeFiles/accel_data.dir/C_/Pico/pico-sdk/lib/tinyusb/src/portable/raspberrypi/rp2040/dcd_rp2040.c.obj
 *fill*         0x10008b4a        0x2 
 .rodata.__func__.1
                0x10008b4c        0xe CMakeFiles/accel_data.dir/C_/Pico/pico-sdk/lib/tinyusb/src/portable/raspberrypi/rp2040/dcd_rp2040.c.obj
 *fill*         0x10008b5a        0x2 
 .rodata.__func__.3
                0x10008b5c       0x10 CMakeFiles/accel_data.dir/C_/Pico/pico-sdk/lib/tinyusb/src/portable/raspberrypi/rp2040/dcd_rp2040.c.obj
 .rodata.__func__.5
                0x10008b6c        0xf CMakeFiles/accel_data.dir/C_/Pico/pico-sdk/lib/tinyusb/src/portable/raspberrypi/rp2040/dcd_rp2040.c.obj
 *fill*         0x10008b7b        0x1 
 .rodata.__func__.6
                0x10008b7c       0x13 CMakeFiles/accel_data.dir/C_/Pico/pico-sdk/lib/tinyusb/src/portable/raspberrypi/rp2040/dcd_rp2040.c.obj
 *fill*         0x10008b8f        0x1 
 .rodata.__func__.7
                0x10008b90        0x9 CMakeFiles/accel_data.dir/C_/Pico/pico-sdk/lib/tinyusb/src/portable/raspberrypi/rp2040/dcd_rp2040.c.obj
 *fill*         0x10008b99        0x3 
 .rodata.sync_ep_buffer.str1.4
                0x10008b9c       0x89 CMakeFiles/accel_data.dir/C_/Pico/pico-sdk/lib/tinyusb/src/portable/raspberrypi/rp2040/rp2040_usb.c.obj
 *fill*         0x10008c25        0x3 
 .rodata._hw_endpoint_buffer_control_update32.str1.4
                0x10008c28       0x1f CMakeFiles/accel_data.dir/C_/Pico/pico-sdk/lib/tinyusb/src/portable/raspberrypi/rp2040/rp2040_usb.c.obj
 *fill*         0x10008c47        0x1 
 .rodata.hw_endpoint_xfer_start.str1.4
                0x10008c48       0x38 CMakeFiles/accel_data.dir/C_/Pico/pico-sdk/lib/tinyusb/src/portable/raspberrypi/rp2040/rp2040_usb.c.obj
 .rodata.hw_endpoint_xfer_continue.str1.4
                0x10008c80       0x29 CMakeFiles/accel_data.dir/C_/Pico/pico-sdk/lib/tinyusb/src/portable/raspberrypi/rp2040/rp2040_usb.c.obj
 *fill*         0x10008ca9        0x3 
 .rodata.str1.4
                0x10008cac        0x7 CMakeFiles/accel_data.dir/C_/Pico/pico-sdk/lib/tinyusb/src/portable/raspberrypi/rp2040/rp2040_usb.c.obj
 *fill*         0x10008cb3        0x1 
 .rodata.__func__.0
                0x10008cb4        0xf CMakeFiles/accel_data.dir/C_/Pico/pico-sdk/lib/tinyusb/src/portable/raspberrypi/rp2040/rp2040_usb.c.obj
 *fill*         0x10008cc3        0x1 
 .rodata.process_set_config.str1.4
                0x10008cc4       0x17 CMakeFiles/accel_data.dir/C_/Pico/pico-sdk/lib/tinyusb/src/device/usbd.c.obj
 *fill*         0x10008cdb        0x1 
 .rodata.process_get_descriptor
                0x10008cdc       0x40 CMakeFiles/accel_data.dir/C_/Pico/pico-sdk/lib/tinyusb/src/device/usbd.c.obj
 .rodata.process_control_request
                0x10008d1c       0x28 CMakeFiles/accel_data.dir/C_/Pico/pico-sdk/lib/tinyusb/src/device/usbd.c.obj
 .rodata.tud_task
                0x10008d44       0x24 CMakeFiles/accel_data.dir/C_/Pico/pico-sdk/lib/tinyusb/src/device/usbd.c.obj
 .rodata.__func__.2
                0x10008d68        0xf CMakeFiles/accel_data.dir/C_/Pico/pico-sdk/lib/tinyusb/src/device/usbd.c.obj
 *fill*         0x10008d77        0x1 
 .rodata.__func__.3
                0x10008d78        0xf CMakeFiles/accel_data.dir/C_/Pico/pico-sdk/lib/tinyusb/src/device/usbd.c.obj
 *fill*         0x10008d87        0x1 
 .rodata.__func__.4
                0x10008d88       0x14 CMakeFiles/accel_data.dir/C_/Pico/pico-sdk/lib/tinyusb/src/device/usbd.c.obj
 .rodata.__func__.5
                0x10008d9c       0x10 CMakeFiles/accel_data.dir/C_/Pico/pico-sdk/lib/tinyusb/src/device/usbd.c.obj
 .rodata.__func__.6
                0x10008dac       0x17 CMakeFiles/accel_data.dir/C_/Pico/pico-sdk/lib/tinyusb/src/device/usbd.c.obj
 *fill*         0x10008dc3        0x1 
 .rodata.__func__.7
                0x10008dc4       0x13 CMakeFiles/accel_data.dir/C_/Pico/pico-sdk/lib/tinyusb/src/device/usbd.c.obj
 *fill*         0x10008dd7        0x1 
 .rodata.__func__.8
                0x10008dd8       0x18 CMakeFiles/accel_data.dir/C_/Pico/pico-sdk/lib/tinyusb/src/device/usbd.c.obj
 .rodata.__func__.9
                0x10008df0        0x9 CMakeFiles/accel_data.dir/C_/Pico/pico-sdk/lib/tinyusb/src/device/usbd.c.obj
 *fill*         0x10008df9        0x3 
 .rodata._usbd_driver
                0x10008dfc       0x18 CMakeFiles/accel_data.dir/C_/Pico/pico-sdk/lib/tinyusb/src/device/usbd.c.obj
 .rodata.tud_control_xfer.str1.4
                0x10008e14       0x17 CMakeFiles/accel_data.dir/C_/Pico/pico-sdk/lib/tinyusb/src/device/usbd_control.c.obj
 .rodata.__func__.0
                0x10008e14       0x15 CMakeFiles/accel_data.dir/C_/Pico/pico-sdk/lib/tinyusb/src/device/usbd_control.c.obj
 *fill*         0x10008e29        0x3 
 .rodata.__func__.1
                0x10008e2c       0x11 CMakeFiles/accel_data.dir/C_/Pico/pico-sdk/lib/tinyusb/src/device/usbd_control.c.obj
 .rodata.tud_cdc_n_write_flush.str1.4
                0x10008e3d       0x17 CMakeFiles/accel_data.dir/C_/Pico/pico-sdk/lib/tinyusb/src/class/cdc/cdc_device.c.obj
 *fill*         0x10008e3d        0x3 
 .rodata.__func__.0
                0x10008e40        0xd CMakeFiles/accel_data.dir/C_/Pico/pico-sdk/lib/tinyusb/src/class/cdc/cdc_device.c.obj
 *fill*         0x10008e4d        0x3 
 .rodata.__func__.1
                0x10008e50        0xa CMakeFiles/accel_data.dir/C_/Pico/pico-sdk/lib/tinyusb/src/class/cdc/cdc_device.c.obj
 *fill*         0x10008e5a        0x2 
 .rodata.__func__.2
                0x10008e5c       0x16 CMakeFiles/accel_data.dir/C_/Pico/pico-sdk/lib/tinyusb/src/class/cdc/cdc_device.c.obj
 .rodata.tusb_init.str1.4
                0x10008e72       0x17 CMakeFiles/accel_data.dir/C_/Pico/pico-sdk/lib/tinyusb/src/tusb.c.obj
 *fill*         0x10008e72        0x2 
 .rodata.__func__.0
                0x10008e74       0x11 CMakeFiles/accel_data.dir/C_/Pico/pico-sdk/lib/tinyusb/src/tusb.c.obj
 *fill*         0x10008e85        0x3 
 .rodata.__func__.1
                0x10008e88        0xa CMakeFiles/accel_data.dir/C_/Pico/pico-sdk/lib/tinyusb/src/tusb.c.obj
 *fill*         0x10008e92        0x2 
 .rodata.pico_get_unique_board_id_string.str1.4
                0x10008e94       0x43 CMakeFiles/accel_data.dir/C_/Pico/pico-sdk/src/rp2_common/pico_unique_id/unique_id.c.obj
 *fill*         0x10008ed7        0x1 
 .rodata.__func__.0
                0x10008ed8       0x20 CMakeFiles/accel_data.dir/C_/Pico/pico-sdk/src/rp2_common/pico_unique_id/unique_id.c.obj
 .rodata.str1.4
                0x10008ef8      0x14e CMakeFiles/accel_data.dir/C_/Pico/pico-sdk/src/rp2_common/hardware_flash/flash.c.obj
 *fill*         0x10009046        0x2 
 .rodata.__func__.0
                0x10009048        0xd CMakeFiles/accel_data.dir/C_/Pico/pico-sdk/src/rp2_common/hardware_flash/flash.c.obj
 *fill*         0x10009055        0x3 
 .rodata.i2c_set_baudrate.str1.4
                0x10009058       0x53 CMakeFiles/accel_data.dir/C_/Pico/pico-sdk/src/rp2_common/hardware_i2c/i2c.c.obj
 *fill*         0x100090ab        0x1 
 .rodata.__func__.0
                0x100090ac       0x11 CMakeFiles/accel_data.dir/C_/Pico/pico-sdk/src/rp2_common/hardware_i2c/i2c.c.obj
                0x100090c0                . = ALIGN (0x4)
 *fill*         0x100090bd        0x3 
 *(SORT_BY_ALIGNMENT(SORT_BY_NAME(.flashdata*)))
                0x100090c0                . = ALIGN (0x4)

.rel.dyn        0x100090c0        0x0
 .rel.iplt      0x100090c0        0x0 c:/progra~2/gnuarm~1/102021~1.10/bin/../lib/gcc/arm-none-eabi/10.3.1/thumb/v6-m/nofp/crtbegin.o

.ARM.extab
 *(.ARM.extab* .gnu.linkonce.armextab.*)
                0x100090c0                __exidx_start = .

.ARM.exidx
 *(.ARM.exidx* .gnu.linkonce.armexidx.*)
                0x100090c0                __exidx_end = .
                0x100090c0                . = ALIGN (0x4)
                0x100090c0                __binary_info_start = .

.binary_info    0x100090c0       0x20
 *(.binary_info.keep.*)
 .binary_info.keep.__bi_ptr22
                0x100090c0        0x4 CMakeFiles/accel_data.dir/C_/Pico/pico-sdk/src/rp2_common/pico_standard_link/binary_info.c.obj
 .binary_info.keep.__bi_ptr30
                0x100090c4        0x4 CMakeFiles/accel_data.dir/C_/Pico/pico-sdk/src/rp2_common/pico_standard_link/binary_info.c.obj
 .binary_info.keep.__bi_ptr38
                0x100090c8        0x4 CMakeFiles/accel_data.dir/C_/Pico/pico-sdk/src/rp2_common/pico_standard_link/binary_info.c.obj
 .binary_info.keep.__bi_ptr44
                0x100090cc        0x4 CMakeFiles/accel_data.dir/C_/Pico/pico-sdk/src/rp2_common/pico_standard_link/binary_info.c.obj
 .binary_info.keep.__bi_ptr50
                0x100090d0        0x4 CMakeFiles/accel_data.dir/C_/Pico/pico-sdk/src/rp2_common/pico_standard_link/binary_info.c.obj
 .binary_info.keep.__bi_ptr75
                0x100090d4        0x4 CMakeFiles/accel_data.dir/C_/Pico/pico-sdk/src/rp2_common/pico_standard_link/binary_info.c.obj
 .binary_info.keep.__bi_ptr81
                0x100090d8        0x4 CMakeFiles/accel_data.dir/C_/Pico/pico-sdk/src/rp2_common/pico_standard_link/binary_info.c.obj
 *(.binary_info.*)
 .binary_info.__bi_ptr118
                0x100090dc        0x4 CMakeFiles/accel_data.dir/C_/Pico/pico-sdk/src/rp2_common/pico_stdio_usb/stdio_usb.c.obj
                0x100090e0                __binary_info_end = .
                0x100090e0                . = ALIGN (0x4)
                0x100090e0                __etext = .

.ram_vector_table
                0x20000000       0xc0
 *(.ram_vector_table)
 .ram_vector_table
                0x20000000       0xc0 CMakeFiles/accel_data.dir/C_/Pico/pico-sdk/src/rp2_common/pico_runtime/runtime.c.obj
                0x20000000                ram_vector_table

.data           0x200000c0      0x470 load address 0x100090e0
                0x200000c0                __data_start__ = .
 *(vtable)
 *(.time_critical*)
 .time_critical.mutex_enter_blocking
                0x200000c0       0x48 CMakeFiles/accel_data.dir/C_/Pico/pico-sdk/src/common/pico_sync/mutex.c.obj
                0x200000c0                mutex_enter_blocking
 .time_critical.mutex_try_enter
                0x20000108       0x46 CMakeFiles/accel_data.dir/C_/Pico/pico-sdk/src/common/pico_sync/mutex.c.obj
                0x20000108                mutex_try_enter
 *fill*         0x2000014e        0x2 
 .time_critical.mutex_enter_block_until
                0x20000150       0x8c CMakeFiles/accel_data.dir/C_/Pico/pico-sdk/src/common/pico_sync/mutex.c.obj
                0x20000150                mutex_enter_block_until
 .time_critical.mutex_enter_timeout_ms
                0x200001dc       0x74 CMakeFiles/accel_data.dir/C_/Pico/pico-sdk/src/common/pico_sync/mutex.c.obj
                0x200001dc                mutex_enter_timeout_ms
 .time_critical.mutex_exit
                0x20000250       0x4c CMakeFiles/accel_data.dir/C_/Pico/pico-sdk/src/common/pico_sync/mutex.c.obj
                0x20000250                mutex_exit
 .time_critical.flash_init_boot2_copyout
                0x2000029c       0x30 CMakeFiles/accel_data.dir/C_/Pico/pico-sdk/src/rp2_common/hardware_flash/flash.c.obj
 .time_critical.flash_enable_xip_via_boot2
                0x200002cc       0x10 CMakeFiles/accel_data.dir/C_/Pico/pico-sdk/src/rp2_common/hardware_flash/flash.c.obj
 .time_critical.flash_cs_force
                0x200002dc       0x28 CMakeFiles/accel_data.dir/C_/Pico/pico-sdk/src/rp2_common/hardware_flash/flash.c.obj
 .time_critical.flash_do_cmd
                0x20000304       0xd8 CMakeFiles/accel_data.dir/C_/Pico/pico-sdk/src/rp2_common/hardware_flash/flash.c.obj
                0x20000304                flash_do_cmd
 *(.text*)
 .text          0x200003dc        0x4 c:/progra~2/gnuarm~1/102021~1.10/bin/../lib/gcc/arm-none-eabi/10.3.1/thumb/v6-m/nofp\libgcc.a(_dvmd_tls.o)
                0x200003dc                __aeabi_idiv0
                0x200003dc                __aeabi_ldiv0
 .text.__stub   0x200003e0       0x40 linker stubs
                0x20000420                . = ALIGN (0x4)
 *(.rodata*)
                0x20000420                . = ALIGN (0x4)
 *(.data*)
 .data.striped_spin_lock_num
                0x20000420        0x1 CMakeFiles/accel_data.dir/C_/Pico/pico-sdk/src/rp2_common/hardware_sync/sync.c.obj
 *fill*         0x20000421        0x3 
 .data          0x20000424       0x48 CMakeFiles/accel_data.dir/C_/Pico/pico-sdk/src/rp2_common/hardware_irq/irq_handler_chain.S.obj
                0x20000424                irq_handler_chain_slots
                0x20000454                irq_handler_chain_first_slot
                0x2000045e                irq_handler_chain_remove_tail
 .data.default_alarm_pool
                0x2000046c       0x18 CMakeFiles/accel_data.dir/C_/Pico/pico-sdk/src/common/pico_time/time.c.obj
 .data.default_alarm_pool_heap
                0x20000484       0x10 CMakeFiles/accel_data.dir/C_/Pico/pico-sdk/src/common/pico_time/time.c.obj
 *fill*         0x20000494        0xc 
 .data.aeabi_bits_funcs
                0x200004a0       0x10 CMakeFiles/accel_data.dir/C_/Pico/pico-sdk/src/rp2_common/pico_bit_ops/bit_ops_aeabi.S.obj
                0x200004a0                aeabi_bits_funcs
                0x200004b0                aeabi_bits_funcs_end
 .data.aeabi_mem_funcs
                0x200004b0       0x10 CMakeFiles/accel_data.dir/C_/Pico/pico-sdk/src/rp2_common/pico_mem_ops/mem_ops_aeabi.S.obj
                0x200004b0                aeabi_mem_funcs
                0x200004c0                aeabi_mem_funcs_end
 .data.stdio_usb
                0x200004c0       0x14 CMakeFiles/accel_data.dir/C_/Pico/pico-sdk/src/rp2_common/pico_stdio_usb/stdio_usb.c.obj
                0x200004c0                stdio_usb
 .data.ep_dir_string
                0x200004d4        0x8 CMakeFiles/accel_data.dir/C_/Pico/pico-sdk/lib/tinyusb/src/portable/raspberrypi/rp2040/rp2040_usb.c.obj
                0x200004d4                ep_dir_string
 .data._usbd_qdef
                0x200004dc       0x24 CMakeFiles/accel_data.dir/C_/Pico/pico-sdk/lib/tinyusb/src/device/usbd.c.obj
                0x200004dc                _usbd_qdef
 .data.i2c0_inst
                0x20000500        0x8 CMakeFiles/accel_data.dir/C_/Pico/pico-sdk/src/rp2_common/hardware_i2c/i2c.c.obj
                0x20000500                i2c0_inst
 .data.i2c1_inst
                0x20000508        0x8 CMakeFiles/accel_data.dir/C_/Pico/pico-sdk/src/rp2_common/hardware_i2c/i2c.c.obj
                0x20000508                i2c1_inst
                0x20000510                . = ALIGN (0x4)
 *(.after_data.*)
                0x20000510                . = ALIGN (0x4)
                0x20000510                PROVIDE (__mutex_array_start = .)
 *(SORT_BY_NAME(.mutex_array.*))
 *(.mutex_array)
 .mutex_array   0x20000510        0x8 CMakeFiles/accel_data.dir/C_/Pico/pico-sdk/src/rp2_common/pico_stdio/stdio.c.obj
                0x20000518                PROVIDE (__mutex_array_end = .)
                0x20000518                . = ALIGN (0x4)
                0x20000518                PROVIDE (__preinit_array_start = .)
 *(SORT_BY_NAME(.preinit_array.*))
 .preinit_array.00001
                0x20000518        0x4 CMakeFiles/accel_data.dir/C_/Pico/pico-sdk/src/rp2_common/pico_mem_ops/mem_ops_aeabi.S.obj
 .preinit_array.00010
                0x2000051c        0x4 CMakeFiles/accel_data.dir/C_/Pico/pico-sdk/src/rp2_common/pico_bit_ops/bit_ops_aeabi.S.obj
 .preinit_array.00020
                0x20000520        0x4 CMakeFiles/accel_data.dir/C_/Pico/pico-sdk/src/rp2_common/pico_double/double_aeabi.S.obj
 .preinit_array.00020
                0x20000524        0x4 CMakeFiles/accel_data.dir/C_/Pico/pico-sdk/src/rp2_common/pico_float/float_aeabi.S.obj
 *(.preinit_array)
                0x20000528                PROVIDE (__preinit_array_end = .)
                0x20000528                . = ALIGN (0x4)
                0x20000528                PROVIDE (__init_array_start = .)
 *(SORT_BY_NAME(.init_array.*))
 *(.init_array)
 .init_array    0x20000528        0x4 c:/progra~2/gnuarm~1/102021~1.10/bin/../lib/gcc/arm-none-eabi/10.3.1/thumb/v6-m/nofp/crtbegin.o
 .init_array    0x2000052c        0x4 CMakeFiles/accel_data.dir/C_/Pico/pico-sdk/src/rp2_common/pico_unique_id/unique_id.c.obj
                0x20000530                PROVIDE (__init_array_end = .)
                0x20000530                . = ALIGN (0x4)
                [!provide]                PROVIDE (__fini_array_start = .)
 *(SORT_BY_NAME(.fini_array.*))
 *(.fini_array)
                [!provide]                PROVIDE (__fini_array_end = .)
 *(.jcr)
                0x20000530                . = ALIGN (0x4)
                0x20000530                __data_end__ = .

.igot.plt       0x20000530        0x0 load address 0x10009550
 .igot.plt      0x20000530        0x0 c:/progra~2/gnuarm~1/102021~1.10/bin/../lib/gcc/arm-none-eabi/10.3.1/thumb/v6-m/nofp/crtbegin.o

.uninitialized_data
                0x20000530        0x0 load address 0x10009550
                0x20000530                . = ALIGN (0x4)
 *(.uninitialized_data*)

.scratch_x      0x20040000        0x0 load address 0x10009550
                0x20040000                __scratch_x_start__ = .
 *(.scratch_x.*)
                0x20040000                . = ALIGN (0x4)
                0x20040000                __scratch_x_end__ = .
                0x10009550                __scratch_x_source__ = LOADADDR (.scratch_x)

.scratch_y      0x20041000        0x0 load address 0x10009550
                0x20041000                __scratch_y_start__ = .
 *(.scratch_y.*)
                0x20041000                . = ALIGN (0x4)
                0x20041000                __scratch_y_end__ = .
                0x10009550                __scratch_y_source__ = LOADADDR (.scratch_y)

.bss            0x20000530      0xd84
                0x20000530                . = ALIGN (0x4)
                0x20000530                __bss_start__ = .
 *(SORT_BY_ALIGNMENT(SORT_BY_NAME(.bss*)))
 .bss.default_alarm_pool_entries
                0x20000530      0x100 CMakeFiles/accel_data.dir/C_/Pico/pico-sdk/src/common/pico_time/time.c.obj
 .bss.last_avail_time.3
                0x20000630        0x8 CMakeFiles/accel_data.dir/C_/Pico/pico-sdk/src/rp2_common/pico_stdio_usb/stdio_usb.c.obj
 .bss           0x20000638       0x1c c:/progra~2/gnuarm~1/102021~1.10/bin/../lib/gcc/arm-none-eabi/10.3.1/thumb/v6-m/nofp/crtbegin.o
 .bss._app_driver
                0x20000654        0x4 CMakeFiles/accel_data.dir/C_/Pico/pico-sdk/lib/tinyusb/src/device/usbd.c.obj
 .bss._cdcd_itf
                0x20000658      0x2d8 CMakeFiles/accel_data.dir/C_/Pico/pico-sdk/lib/tinyusb/src/class/cdc/cdc_device.c.obj
 .bss._ctrl_xfer
                0x20000930       0x14 CMakeFiles/accel_data.dir/C_/Pico/pico-sdk/lib/tinyusb/src/device/usbd_control.c.obj
 .bss._ubsd_mutexdef
                0x20000944        0x8 CMakeFiles/accel_data.dir/C_/Pico/pico-sdk/lib/tinyusb/src/device/usbd.c.obj
 .bss._usbd_ctrl_buf
                0x2000094c       0x40 CMakeFiles/accel_data.dir/C_/Pico/pico-sdk/lib/tinyusb/src/device/usbd_control.c.obj
 .bss._usbd_dev
                0x2000098c       0x53 CMakeFiles/accel_data.dir/C_/Pico/pico-sdk/lib/tinyusb/src/device/usbd.c.obj
 *fill*         0x200009df        0x1 
 .bss._usbd_mutex
                0x200009e0        0x4 CMakeFiles/accel_data.dir/C_/Pico/pico-sdk/lib/tinyusb/src/device/usbd.c.obj
 .bss._usbd_q   0x200009e4        0x4 CMakeFiles/accel_data.dir/C_/Pico/pico-sdk/lib/tinyusb/src/device/usbd.c.obj
 .bss._usbd_qdef_buf
                0x200009e8       0xc0 CMakeFiles/accel_data.dir/C_/Pico/pico-sdk/lib/tinyusb/src/device/usbd.c.obj
                0x200009e8                _usbd_qdef_buf
 .bss.alarm_callbacks
                0x20000aa8       0x10 CMakeFiles/accel_data.dir/C_/Pico/pico-sdk/src/rp2_common/hardware_timer/timer.c.obj
 .bss.boot2_copyout
                0x20000ab8      0x100 CMakeFiles/accel_data.dir/C_/Pico/pico-sdk/src/rp2_common/hardware_flash/flash.c.obj
 .bss.claimed   0x20000bb8        0x4 CMakeFiles/accel_data.dir/C_/Pico/pico-sdk/src/rp2_common/hardware_sync/sync.c.obj
 .bss.configured_freq
                0x20000bbc       0x28 CMakeFiles/accel_data.dir/C_/Pico/pico-sdk/src/rp2_common/hardware_clocks/clocks.c.obj
 .bss.default_alarm_pool_entry_ids_high
                0x20000be4       0x10 CMakeFiles/accel_data.dir/C_/Pico/pico-sdk/src/common/pico_time/time.c.obj
 .bss.default_alarm_pool_heap_nodes
                0x20000bf4       0x30 CMakeFiles/accel_data.dir/C_/Pico/pico-sdk/src/common/pico_time/time.c.obj
 .bss.desc_str.0
                0x20000c24       0x28 CMakeFiles/accel_data.dir/C_/Pico/pico-sdk/src/rp2_common/pico_stdio_usb/stdio_usb_descriptors.c.obj
 .bss.drivers   0x20000c4c        0x4 CMakeFiles/accel_data.dir/C_/Pico/pico-sdk/src/rp2_common/pico_stdio/stdio.c.obj
 .bss.filter    0x20000c50        0x4 CMakeFiles/accel_data.dir/C_/Pico/pico-sdk/src/rp2_common/pico_stdio/stdio.c.obj
 .bss.hw_endpoints
                0x20000c54      0x400 CMakeFiles/accel_data.dir/C_/Pico/pico-sdk/lib/tinyusb/src/portable/raspberrypi/rp2040/dcd_rp2040.c.obj
 .bss.load_value
                0x20001054        0x4 CMakeFiles/accel_data.dir/C_/Pico/pico-sdk/src/rp2_common/hardware_watchdog/watchdog.c.obj
 .bss.next_buffer_ptr
                0x20001058        0x4 CMakeFiles/accel_data.dir/C_/Pico/pico-sdk/lib/tinyusb/src/portable/raspberrypi/rp2040/dcd_rp2040.c.obj